Component: ARM Compiler 5.06 update 6 (build 750) Tool: armlink [4d35ed]

==============================================================================

Section Cross References

    startup_stm32h743xx.o(RESET) refers to startup_stm32h743xx.o(STACK) for __initial_sp
    startup_stm32h743xx.o(RESET) refers to startup_stm32h743xx.o(.text) for Reset_Handler
    startup_stm32h743xx.o(RESET) refers to stm32h7xx_it.o(i.NMI_Handler) for NMI_Handler
    startup_stm32h743xx.o(RESET) refers to context_rvds.o(.text) for HardFault_Handler
    startup_stm32h743xx.o(RESET) refers to stm32h7xx_it.o(i.BusFault_Handler) for BusFault_Handler
    startup_stm32h743xx.o(RESET) refers to stm32h7xx_it.o(i.UsageFault_Handler) for UsageFault_Handler
    startup_stm32h743xx.o(RESET) refers to stm32h7xx_it.o(i.SVC_Handler) for SVC_Handler
    startup_stm32h743xx.o(RESET) refers to stm32h7xx_it.o(i.DebugMon_Handler) for DebugMon_Handler
    startup_stm32h743xx.o(RESET) refers to board.o(i.SysTick_Handler) for SysTick_Handler
    startup_stm32h743xx.o(RESET) refers to stm32h7xx_it.o(i.EXTI0_IRQHandler) for EXTI0_IRQHandler
    startup_stm32h743xx.o(RESET) refers to stm32h7xx_it.o(i.DMA1_Stream0_IRQHandler) for DMA1_Stream0_IRQHandler
    startup_stm32h743xx.o(RESET) refers to stm32h7xx_it.o(i.TIM2_IRQHandler) for TIM2_IRQHandler
    startup_stm32h743xx.o(RESET) refers to stm32h7xx_it.o(i.UART8_IRQHandler) for UART8_IRQHandler
    startup_stm32h743xx.o(RESET) refers to stm32h7xx_it.o(i.SDMMC2_IRQHandler) for SDMMC2_IRQHandler
    startup_stm32h743xx.o(.text) refers to system_stm32h7xx.o(i.SystemInit) for SystemInit
    startup_stm32h743xx.o(.text) refers to entry.o(.ARM.Collect$$$$00000000) for __main
    main.o(i.HAL_Get_CPU_RCC_Clock) refers to stm32h7xx_hal_rcc.o(i.HAL_RCC_GetSysClockFreq) for HAL_RCC_GetSysClockFreq
    main.o(i.HAL_Get_CPU_RCC_Clock) refers to printfa.o(i.__0printf) for __2printf
    main.o(i.HAL_Get_CPU_RCC_Clock) refers to stm32h7xx_hal_rcc.o(i.HAL_RCC_GetHCLKFreq) for HAL_RCC_GetHCLKFreq
    main.o(i.HAL_Get_CPU_RCC_Clock) refers to stm32h7xx_hal_rcc.o(i.HAL_RCC_GetPCLK1Freq) for HAL_RCC_GetPCLK1Freq
    main.o(i.HAL_Get_CPU_RCC_Clock) refers to stm32h7xx_hal_rcc.o(i.HAL_RCC_GetPCLK2Freq) for HAL_RCC_GetPCLK2Freq
    main.o(i.MPU_Config) refers to stm32h7xx_hal_cortex.o(i.HAL_MPU_Disable) for HAL_MPU_Disable
    main.o(i.MPU_Config) refers to stm32h7xx_hal_cortex.o(i.HAL_MPU_ConfigRegion) for HAL_MPU_ConfigRegion
    main.o(i.MPU_Config) refers to stm32h7xx_hal_cortex.o(i.HAL_MPU_Enable) for HAL_MPU_Enable
    main.o(i.SystemClock_Config) refers to memseta.o(.text) for __aeabi_memclr4
    main.o(i.SystemClock_Config) refers to stm32h7xx_hal_pwr_ex.o(i.HAL_PWREx_ConfigSupply) for HAL_PWREx_ConfigSupply
    main.o(i.SystemClock_Config) refers to stm32h7xx_hal_rcc.o(i.HAL_RCC_OscConfig) for HAL_RCC_OscConfig
    main.o(i.SystemClock_Config) refers to stm32h7xx_hal_rcc.o(i.HAL_RCC_ClockConfig) for HAL_RCC_ClockConfig
    main.o(i.SystemClock_Config) refers to main.o(.bss) for .bss
    main.o(i.clc_watchdog) refers to stm32h7xx_hal_gpio.o(i.HAL_GPIO_TogglePin) for HAL_GPIO_TogglePin
    main.o(i.main) refers to printfa.o(i.__0printf) for __2printf
    main.o(i.main) refers to sdmmc.o(i.MX_SDMMC2_SD_Init) for MX_SDMMC2_SD_Init
    main.o(i.main) refers to main.o(i.clc_watchdog) for clc_watchdog
    main.o(i.main) refers to fatfs.o(i.MX_FATFS_Init) for MX_FATFS_Init
    main.o(i.main) refers to dma.o(i.MX_DMA_Init) for MX_DMA_Init
    main.o(i.main) refers to tim.o(i.MX_TIM2_Init) for MX_TIM2_Init
    main.o(i.main) refers to fmc.o(i.MX_FMC_Init) for MX_FMC_Init
    main.o(i.main) refers to main.o(i.HAL_Get_CPU_RCC_Clock) for HAL_Get_CPU_RCC_Clock
    main.o(i.main) refers to thread.o(i.rt_thread_mdelay) for rt_thread_mdelay
    main.o(i.main) refers to sdmmc.o(i.Get_CardInfo) for Get_CardInfo
    main.o(i.main) refers to hdas_thread.o(i.hdas_test_thread_init) for hdas_test_thread_init
    hdas_thread.o(i.hdas_test_thread_init) refers to thread.o(i.rt_thread_init) for rt_thread_init
    hdas_thread.o(i.hdas_test_thread_init) refers to thread.o(i.rt_thread_startup) for rt_thread_startup
    hdas_thread.o(i.hdas_test_thread_init) refers to hdas_thread.o(.bss) for .bss
    hdas_thread.o(i.hdas_test_thread_init) refers to hdas_thread.o(i.test_thread_entry) for test_thread_entry
    hdas_thread.o(i.hdas_thread_init) refers to thread.o(i.rt_thread_init) for rt_thread_init
    hdas_thread.o(i.hdas_thread_init) refers to ipc.o(i.rt_sem_init) for rt_sem_init
    hdas_thread.o(i.hdas_thread_init) refers to thread.o(i.rt_thread_startup) for rt_thread_startup
    hdas_thread.o(i.hdas_thread_init) refers to hdas_thread.o(.bss) for .bss
    hdas_thread.o(i.hdas_thread_init) refers to hdas_thread.o(i.storage_thread_entry) for storage_thread_entry
    hdas_thread.o(i.hdas_thread_init) refers to hdas_thread.o(i.key1_thread_entry) for key1_thread_entry
[...]
    list_mem                                 0x0800c231   Thumb Code    32  mem.o(i.list_mem)
    list_msgqueue                            0x0800c29d   Thumb Code   190  cmd.o(i.list_msgqueue)
    list_sem                                 0x0800c3c9   Thumb Code   190  cmd.o(i.list_sem)
    list_thread                              0x0800c4e9   Thumb Code   250  cmd.o(i.list_thread)
    list_timer                               0x0800c6a1   Thumb Code   160  cmd.o(i.list_timer)
    $Super$$main                             0x0800c8e1   Thumb Code    82  main.o(i.main)
    main_thread_entry                        0x0800c955   Thumb Code    14  components.o(i.main_thread_entry)
    msh_auto_complete                        0x0800caa5   Thumb Code   152  msh.o(i.msh_auto_complete)
    msh_exec                                 0x0800cb51   Thumb Code    74  msh.o(i.msh_exec)
    msh_help                                 0x0800cbb5   Thumb Code    58  msh.o(i.msh_help)
    msh_is_used                              0x0800cc2d   Thumb Code     4  msh.o(i.msh_is_used)
    rt_application_init                      0x0800d181   Thumb Code    48  components.o(i.rt_application_init)
    rt_assert_handler                        0x0800d1d1   Thumb Code    46  kservice.o(i.rt_assert_handler)
    rt_calloc                                0x0800d23d   Thumb Code    26  mem.o(i.rt_calloc)
    rt_components_board_init                 0x0800d259   Thumb Code    36  components.o(i.rt_components_board_init)
    rt_components_init                       0x0800d2a1   Thumb Code    42  components.o(i.rt_components_init)
    rt_enter_critical                        0x0800d311   Thumb Code    22  scheduler.o(i.rt_enter_critical)
    rt_exit_critical                         0x0800d32d   Thumb Code    52  scheduler.o(i.rt_exit_critical)
    rt_free                                  0x0800d365   Thumb Code   230  mem.o(i.rt_free)
    rt_heap_begin_get                        0x0800d531   Thumb Code     4  board.o(i.rt_heap_begin_get)
    rt_heap_end_get                          0x0800d539   Thumb Code     4  board.o(i.rt_heap_end_get)
    rt_hw_board_init                         0x0800d541   Thumb Code    82  board.o(i.rt_hw_board_init)
    rt_hw_console_getchar                    0x0800d59d   Thumb Code    52  usart.o(i.rt_hw_console_getchar)
    rt_hw_console_output                     0x0800d5d5   Thumb Code    60  usart.o(i.rt_hw_console_output)
    rt_hw_hard_fault_exception               0x0800d615   Thumb Code   198  cpuport.o(i.rt_hw_hard_fault_exception)
    rt_hw_stack_init                         0x0800d82d   Thumb Code    56  cpuport.o(i.rt_hw_stack_init)
    rt_interrupt_enter                       0x0800d869   Thumb Code    32  irq.o(i.rt_interrupt_enter)
    rt_interrupt_get_nest                    0x0800d88d   Thumb Code     6  irq.o(i.rt_interrupt_get_nest)
    rt_interrupt_leave                       0x0800d899   Thumb Code    32  irq.o(i.rt_interrupt_leave)
    rt_kprintf                               0x0800d949   Thumb Code    28  kservice.o(i.rt_kprintf)
    rt_malloc                                0x0800da01   Thumb Code   356  mem.o(i.rt_malloc)
    rt_memmove                               0x0800dbfd   Thumb Code    46  kservice.o(i.rt_memmove)
    rt_memset                                0x0800dc2b   Thumb Code    66  kservice.o(i.rt_memset)
    rt_object_allocate                       0x0800dc6d   Thumb Code   140  object.o(i.rt_object_allocate)
    rt_object_delete                         0x0800dd45   Thumb Code    80  object.o(i.rt_object_delete)
    rt_object_detach                         0x0800dddd   Thumb Code    56  object.o(i.rt_object_detach)
    rt_object_get_information                0x0800de31   Thumb Code    30  object.o(i.rt_object_get_information)
    rt_object_get_type                       0x0800de55   Thumb Code    26  object.o(i.rt_object_get_type)
    rt_object_init                           0x0800de89   Thumb Code   124  object.o(i.rt_object_init)
    rt_object_is_systemobject                0x0800df35   Thumb Code    32  object.o(i.rt_object_is_systemobject)
    rt_schedule                              0x0800df6d   Thumb Code    94  scheduler.o(i.rt_schedule)
    rt_schedule_insert_thread                0x0800dfd9   Thumb Code    84  scheduler.o(i.rt_schedule_insert_thread)
    rt_schedule_remove_thread                0x0800e04d   Thumb Code    80  scheduler.o(i.rt_schedule_remove_thread)
    rt_sem_control                           0x0800e0bd   Thumb Code    84  ipc.o(i.rt_sem_control)
    rt_sem_init                              0x0800e129   Thumb Code    68  ipc.o(i.rt_sem_init)
    rt_sem_release                           0x0800e195   Thumb Code   106  ipc.o(i.rt_sem_release)
    rt_sem_take                              0x0800e21d   Thumb Code   248  ipc.o(i.rt_sem_take)
    rt_show_version                          0x0800e399   Thumb Code    40  kservice.o(i.rt_show_version)
    rt_strlen                                0x0800e449   Thumb Code    16  kservice.o(i.rt_strlen)
    rt_strncpy                               0x0800e459   Thumb Code    38  kservice.o(i.rt_strncpy)
    rt_system_heap_init                      0x0800e481   Thumb Code   140  mem.o(i.rt_system_heap_init)
    rt_system_scheduler_init                 0x0800e589   Thumb Code    44  scheduler.o(i.rt_system_scheduler_init)
    rt_system_scheduler_start                0x0800e5bd   Thumb Code    32  scheduler.o(i.rt_system_scheduler_start)
    rt_system_timer_init                     0x0800e5e5   Thumb Code    18  timer.o(i.rt_system_timer_init)
    rt_system_timer_thread_init              0x0800e5fd   Thumb Code     2  timer.o(i.rt_system_timer_thread_init)
    rt_thread_create                         0x0800e5ff   Thumb Code    72  thread.o(i.rt_thread_create)
    rt_thread_exit                           0x0800e649   Thumb Code    80  thread.o(i.rt_thread_exit)
    rt_thread_idle_excute                    0x0800e6bd   Thumb Code   152  idle.o(i.rt_thread_idle_excute)
    rt_thread_idle_init                      0x0800e789   Thumb Code    40  idle.o(i.rt_thread_idle_init)
    rt_thread_init                           0x0800e7c1   Thumb Code    80  thread.o(i.rt_thread_init)
    rt_thread_mdelay                         0x0800e841   Thumb Code    14  thread.o(i.rt_thread_mdelay)
    rt_thread_resume                         0x0800e851   Thumb Code   106  thread.o(i.rt_thread_resume)
    rt_thread_self                           0x0800e8dd   Thumb Code     6  thread.o(i.rt_thread_self)
    rt_thread_sleep                          0x0800e8e9   Thumb Code    96  thread.o(i.rt_thread_sleep)
    rt_thread_startup                        0x0800e969   Thumb Code   100  thread.o(i.rt_thread_startup)
    rt_thread_suspend                        0x0800ea25   Thumb Code   112  thread.o(i.rt_thread_suspend)
    rt_thread_timeout                        0x0800eab5   Thumb Code    92  thread.o(i.rt_thread_timeout)
    rt_thread_yield                          0x0800eb69   Thumb Code    86  thread.o(i.rt_thread_yield)
    rt_tick_from_millisecond                 0x0800ebc9   Thumb Code    50  clock.o(i.rt_tick_from_millisecond)
    rt_tick_get                              0x0800ebfd   Thumb Code     6  clock.o(i.rt_tick_get)
    rt_tick_increase                         0x0800ec09   Thumb Code    38  clock.o(i.rt_tick_increase)
    rt_timer_check                           0x0800ec35   Thumb Code   126  timer.o(i.rt_timer_check)
    rt_timer_control                         0x0800ecb9   Thumb Code    92  timer.o(i.rt_timer_control)
    rt_timer_detach                          0x0800ed69   Thumb Code    82  timer.o(i.rt_timer_detach)
    rt_timer_init                            0x0800ee3d   Thumb Code    56  timer.o(i.rt_timer_init)
    rt_timer_start                           0x0800ee8d   Thumb Code   218  timer.o(i.rt_timer_start)
    rt_timer_stop                            0x0800efe9   Thumb Code    92  timer.o(i.rt_timer_stop)
    rt_vsnprintf                             0x0800f09d   Thumb Code   604  kservice.o(i.rt_vsnprintf)
    rtthread_startup                         0x0800f311   Thumb Code    42  components.o(i.rtthread_startup)
    sprintf_data_to_buf                      0x0800f471   Thumb Code  1176  sdmmc_fatfs.o(i.sprintf_data_to_buf)
    start_sampling                           0x0800f995   Thumb Code   166  hdas_thread.o(i.start_sampling)
    stop_sampling                            0x0800fb09   Thumb Code   108  hdas_thread.o(i.stop_sampling)
    storage_thread_entry                     0x0800fbed   Thumb Code   226  hdas_thread.o(i.storage_thread_entry)
    test_thread_entry                        0x0800fecd   Thumb Code   256  hdas_thread.o(i.test_thread_entry)
    version                                  0x08010201   Thumb Code    10  cmd.o(i.version)
    UARTPrescTable                           0x08010294   Data          24  stm32h7xx_hal_uart.o(.constdata)
    D1CorePrescTable                         0x080102bc   Data          16  system_stm32h7xx.o(.constdata)
    SD_Driver                                0x080102cc   Data          20  sd_diskio.o(.constdata)
    __rti_finsh_system_init_name             0x0803aece   Data          18  shell.o(.constdata)
    __rti_rti_start_name                     0x0803af2a   Data          10  components.o(.constdata)
    __rti_rti_board_start_name               0x0803af34   Data          16  components.o(.constdata)
    __rti_rti_board_end_name                 0x0803af44   Data          14  components.o(.constdata)
    __rti_rti_end_name                       0x0803af52   Data           8  components.o(.constdata)
    __lowest_bit_bitmap                      0x0803b0a2   Data         256  kservice.o(.constdata)
    __fsym___cmd_start_sampling_name         0x0803b60e   Data          21  hdas_thread.o(.rodata.name)
    __fsym___cmd_start_sampling_desc         0x0803b623   Data          20  hdas_thread.o(.rodata.name)
    __fsym___cmd_stop_sampling_name          0x0803b637   Data          20  hdas_thread.o(.rodata.name)
    __fsym___cmd_stop_sampling_desc          0x0803b64b   Data          19  hdas_thread.o(.rodata.name)
    __fsym_hello_name                        0x0803b65e   Data           6  cmd.o(.rodata.name)
    __fsym_hello_desc                        0x0803b664   Data          16  cmd.o(.rodata.name)
    __fsym_version_name                      0x0803b674   Data           8  cmd.o(.rodata.name)
    __fsym_version_desc                      0x0803b67c   Data          35  cmd.o(.rodata.name)
    __fsym___cmd_version_name                0x0803b69f   Data          14  cmd.o(.rodata.name)
    __fsym___cmd_version_desc                0x0803b6ad   Data          35  cmd.o(.rodata.name)
    __fsym_list_thread_name                  0x0803b6d0   Data          12  cmd.o(.rodata.name)
    __fsym_list_thread_desc                  0x0803b6dc   Data          12  cmd.o(.rodata.name)
    __fsym___cmd_list_thread_name            0x0803b6e8   Data          18  cmd.o(.rodata.name)
    __fsym___cmd_list_thread_desc            0x0803b6fa   Data          12  cmd.o(.rodata.name)
    __fsym_list_sem_name                     0x0803b706   Data           9  cmd.o(.rodata.name)
    __fsym_list_sem_desc                     0x0803b70f   Data          25  cmd.o(.rodata.name)
    __fsym___cmd_list_sem_name               0x0803b728   Data          15  cmd.o(.rodata.name)
    __fsym___cmd_list_sem_desc               0x0803b737   Data          25  cmd.o(.rodata.name)
    __fsym_list_mailbox_name                 0x0803b750   Data          13  cmd.o(.rodata.name)
    __fsym_list_mailbox_desc                 0x0803b75d   Data          24  cmd.o(.rodata.name)
    __fsym___cmd_list_mailbox_name           0x0803b775   Data          19  cmd.o(.rodata.name)
    __fsym___cmd_list_mailbox_desc           0x0803b788   Data          24  cmd.o(.rodata.name)
    __fsym_list_msgqueue_name                0x0803b7a0   Data          14  cmd.o(.rodata.name)
    __fsym_list_msgqueue_desc                0x0803b7ae   Data          29  cmd.o(.rodata.name)
    __fsym___cmd_list_msgqueue_name          0x0803b7cb   Data          20  cmd.o(.rodata.name)
    __fsym___cmd_list_msgqueue_desc          0x0803b7df   Data          29  cmd.o(.rodata.name)
    __fsym_list_timer_name                   0x0803b7fc   Data          11  cmd.o(.rodata.name)
    __fsym_list_timer_desc                   0x0803b807   Data          21  cmd.o(.rodata.name)
    __fsym___cmd_list_timer_name             0x0803b81c   Data          17  cmd.o(.rodata.name)
    __fsym___cmd_list_timer_desc             0x0803b82d   Data          21  cmd.o(.rodata.name)
    __fsym_list_name                         0x0803b842   Data           5  cmd.o(.rodata.name)
    __fsym_list_desc                         0x0803b847   Data          26  cmd.o(.rodata.name)
    __fsym___cmd_help_name                   0x0803b861   Data          11  msh.o(.rodata.name)
    __fsym___cmd_help_desc                   0x0803b86c   Data          22  msh.o(.rodata.name)
    __fsym___cmd_ps_name                     0x0803b882   Data           9  msh.o(.rodata.name)
    __fsym___cmd_ps_desc                     0x0803b88b   Data          28  msh.o(.rodata.name)
    __fsym___cmd_free_name                   0x0803b8a7   Data          11  msh.o(.rodata.name)
    __fsym___cmd_free_desc                   0x0803b8b2   Data          37  msh.o(.rodata.name)
    __fsym_list_mem_name                     0x0803b8d7   Data           9  mem.o(.rodata.name)
    __fsym_list_mem_desc                     0x0803b8e0   Data          30  mem.o(.rodata.name)
    __rt_init_desc_rti_start                 0x0803b900   Data           8  components.o(.rti_fn.0)
    __rt_init_desc_rti_board_start           0x0803b908   Data           8  components.o(.rti_fn.0.end)
    __rt_init_desc_rti_board_end             0x0803b910   Data           8  components.o(.rti_fn.1.end)
    __rt_init_desc_finsh_system_init         0x0803b918   Data           8  shell.o(.rti_fn.6)
    __rt_init_desc_rti_end                   0x0803b920   Data           8  components.o(.rti_fn.6.end)
    FSymTab$$Base                            0x0803b928   Number         0  hdas_thread.o(FSymTab)
    __fsym___cmd_start_sampling              0x0803b928   Data          12  hdas_thread.o(FSymTab)
    __fsym___cmd_stop_sampling               0x0803b934   Data          12  hdas_thread.o(FSymTab)
    __fsym_hello                             0x0803b940   Data          12  cmd.o(FSymTab)
    __fsym_version                           0x0803b94c   Data          12  cmd.o(FSymTab)
    __fsym___cmd_version                     0x0803b958   Data          12  cmd.o(FSymTab)
    __fsym_list_thread                       0x0803b964   Data          12  cmd.o(FSymTab)
    __fsym___cmd_list_thread                 0x0803b970   Data          12  cmd.o(FSymTab)
    __fsym_list_sem                          0x0803b97c   Data          12  cmd.o(FSymTab)
    __fsym___cmd_list_sem                    0x0803b988   Data          12  cmd.o(FSymTab)
    __fsym_list_mailbox                      0x0803b994   Data          12  cmd.o(FSymTab)
    __fsym___cmd_list_mailbox                0x0803b9a0   Data          12  cmd.o(FSymTab)
    __fsym_list_msgqueue                     0x0803b9ac   Data          12  cmd.o(FSymTab)
    __fsym___cmd_list_msgqueue               0x0803b9b8   Data          12  cmd.o(FSymTab)
    __fsym_list_timer                        0x0803b9c4   Data          12  cmd.o(FSymTab)
    __fsym___cmd_list_timer                  0x0803b9d0   Data          12  cmd.o(FSymTab)
    __fsym_list                              0x0803b9dc   Data          12  cmd.o(FSymTab)
    __fsym___cmd_help                        0x0803b9e8   Data          12  msh.o(FSymTab)
    __fsym___cmd_ps                          0x0803b9f4   Data          12  msh.o(FSymTab)
    __fsym___cmd_free                        0x0803ba00   Data          12  msh.o(FSymTab)
    __fsym_list_mem                          0x0803ba0c   Data          12  mem.o(FSymTab)
    FSymTab$$Limit                           0x0803ba18   Number         0  mem.o(FSymTab)
    Region$$Table$$Base                      0x0803ba18   Number         0  anon$$obj.o(Region$$Table)
    Region$$Table$$Limit                     0x0803ba38   Number         0  anon$$obj.o(Region$$Table)
    FsWriteBuf                               0x24000000   Data       167936  sdmmc_fatfs.o(.RAM_D1)
    DMAdat_flag                              0x24029000   Data           1  main.o(.data)
    file_number                              0x24029004   Data           4  main.o(.data)
    hdas_sample_flag                         0x24029008   Data           1  hdas_thread.o(.data)
    is_hdas_test_ok                          0x24029009   Data           1  hdas_thread.o(.data)
    byteswritten                             0x2402900c   Data           4  sdmmc_fatfs.o(.data)
    sdioclkdiv                               0x24029010   Data           4  sdmmc.o(.data)
    uart8_temp                               0x24029014   Data           1  usart.o(.data)
    uwTickFreq                               0x24029020   Data           1  stm32h7xx_hal.o(.data)
    uwTickPrio                               0x24029024   Data           4  stm32h7xx_hal.o(.data)
    uwTick                                   0x24029028   Data           4  stm32h7xx_hal.o(.data)
    SystemCoreClock                          0x2402902c   Data           4  system_stm32h7xx.o(.data)
    SystemD2Clock                            0x24029030   Data           4  system_stm32h7xx.o(.data)
    retSD                                    0x24029040   Data           1  fatfs.o(.data)
    SDPath                                   0x24029041   Data           4  fatfs.o(.data)
    _syscall_table_begin                     0x24029050   Data           4  shell.o(.data)
    _syscall_table_end                       0x24029054   Data           4  shell.o(.data)
    _sysvar_table_begin                      0x24029058   Data           4  shell.o(.data)
    _sysvar_table_end                        0x2402905c   Data           4  shell.o(.data)
    shell                                    0x24029064   Data           4  shell.o(.data)
    rt_interrupt_from_thread                 0x24029070   Data           4  cpuport.o(.data)
    rt_interrupt_to_thread                   0x24029074   Data           4  cpuport.o(.data)
    rt_thread_switch_interrupt_flag          0x24029078   Data           4  cpuport.o(.data)
    rt_interrupt_nest                        0x2402907c   Data           1  irq.o(.data)
    rt_assert_hook                           0x2402908c   Data           4  kservice.o(.data)
    rt_object_trytake_hook                   0x240290b8   Data           4  object.o(.data)
    rt_object_take_hook                      0x240290bc   Data           4  object.o(.data)
    rt_object_put_hook                       0x240290c0   Data           4  object.o(.data)
    rt_current_priority                      0x24029114   Data           1  scheduler.o(.data)
    rt_current_thread                        0x24029118   Data           4  scheduler.o(.data)
    rt_thread_ready_priority_group           0x2402911c   Data           4  scheduler.o(.data)
    rt_thread_defunct                        0x24029124   Data           8  scheduler.o(.data)
    __stdout                                 0x2402914c   Data           4  stdout.o(.data)
    RCC_OscInitStruct                        0x24029150   Data          76  main.o(.bss)
    Sys_Status                               0x2402919c   Data          26  main.o(.bss)
    storage_sem                              0x240291b8   Data          40  hdas_thread.o(.bss)
    hdas_fs                                  0x2402b888   Data         568  sdmmc_fatfs.o(.bss)
    hdas_fil                                 0x2402bac0   Data         600  sdmmc_fatfs.o(.bss)
    hdas_filename                            0x2402bd18   Data          64  sdmmc_fatfs.o(.bss)
    hsd2                                     0x2402bd58   Data         128  sdmmc.o(.bss)
    uart8_rbuf                               0x2402bdd8   Data         136  usart.o(.bss)
    huart8                                   0x2402be60   Data         144  usart.o(.bss)
    hsram1                                   0x2402bef0   Data          76  fmc.o(.bss)
    g_sAd7606Buf                             0x2402bf3c   Data       65536  fmc_tim_ad7606.o(.bss)
    htim2                                    0x2403bf3c   Data          76  tim.o(.bss)
    hdma_tim2_up                             0x2403bf88   Data         120  tim.o(.bss)
    disk                                     0x2403c020   Data          12  ff_gen_drv.o(.bss)
    rt_thread_priority_table                 0x2403d3f0   Data         256  scheduler.o(.bss)
    __initial_sp                             0x2403e4f0   Data           0  startup_stm32h743xx.o(STACK)



==============================================================================

Memory Map of the image

  Image Entry point : 0x08000299

  Load Region LR_IROM1 (Base: 0x08000000, Size: 0x00064b88, Max: 0x00200000, ABSOLUTE, COMPRESSED[0x0003bf9c])

    Execution Region ER_IROM1 (Exec base: 0x08000000, Load base: 0x08000000, Size: 0x0003ba38, Max: 0x00200000, ABSOLUTE)

    Exec Addr    Load Addr    Size         Type   Attr      Idx    E Section Name        Object

    0x08000000   0x08000000   0x00000298   Data   RO            3    RESET               startup_stm32h743xx.o
    0x08000298   0x08000298   0x00000000   Code   RO         8772  * .ARM.Collect$$$$00000000  mc_w.l(entry.o)
    0x08000298   0x08000298   0x00000004   Code   RO         9056    .ARM.Collect$$$$00000001  mc_w.l(entry2.o)
    0x0800029c   0x0800029c   0x00000004   Code   RO         9059    .ARM.Collect$$$$00000004  mc_w.l(entry5.o)
    0x080002a0   0x080002a0   0x00000000   Code   RO         9061    .ARM.Collect$$$$00000008  mc_w.l(entry7b.o)
    0x080002a0   0x080002a0   0x00000000   Code   RO         9063    .ARM.Collect$$$$0000000A  mc_w.l(entry8b.o)
    0x080002a0   0x080002a0   0x00000008   Code   RO         9064    .ARM.Collect$$$$0000000B  mc_w.l(entry9a.o)
    0x080002a8   0x080002a8   0x00000000   Code   RO         9066    .ARM.Collect$$$$0000000D  mc_w.l(entry10a.o)
    0x080002a8   0x080002a8   0x00000000   Code   RO         9068    .ARM.Collect$$$$0000000F  mc_w.l(entry11a.o)
    0x080002a8   0x080002a8   0x00000004   Code   RO         9057    .ARM.Collect$$$$00002712  mc_w.l(entry2.o)
    0x080002ac   0x080002ac   0x00000024   Code   RO            4    .text               startup_stm32h743xx.o
    0x080002d0   0x080002d0   0x00000134   Code   RO         7732    .text               context_rvds.o
    0x08000404   0x08000404   0x00000062   Code   RO         8775    .text               mc_w.l(uldiv.o)
    0x08000466   0x08000466   0x00000024   Code   RO         8777    .text               mc_w.l(memcpya.o)
    0x0800048a   0x0800048a   0x00000024   Code   RO         8779    .text               mc_w.l(memseta.o)
    0x080004ae   0x080004ae   0x00000018   Code   RO         8781    .text               mc_w.l(strcat.o)
    0x080004c6   0x080004c6   0x00000018   Code   RO         8783    .text               mc_w.l(strncpy.o)
    0x080004de   0x080004de   0x0000000e   Code   RO         8785    .text               mc_w.l(strlen.o)
    0x080004ec   0x080004ec   0x0000001a   Code   RO         8787    .text               mc_w.l(memcmp.o)
    0x08000506   0x08000506   0x00000012   Code   RO         8789    .text               mc_w.l(strcpy.o)
    0x08000518   0x08000518   0x0000001e   Code   RO         8791    .text               mc_w.l(strncmp.o)
    0x08000536   0x08000536   0x0000002c   Code   RO         9071    .text               mc_w.l(uidiv.o)
    0x08000562   0x08000562   0x0000001e   Code   RO         9073    .text               mc_w.l(llshl.o)
    0x08000580   0x08000580   0x00000020   Code   RO         9075    .text               mc_w.l(llushr.o)
    0x080005a0   0x080005a0   0x00000000   Code   RO         9077    .text               mc_w.l(iusefp.o)
    0x080005a0   0x080005a0   0x0000014e   Code   RO         9078    .text               mf_w.l(dadd.o)
    0x080006ee   0x080006ee   0x000000e4   Code   RO         9080    .text               mf_w.l(dmul.o)
    0x080007d2   0x080007d2   0x000000de   Code   RO         9082    .text               mf_w.l(ddiv.o)
    0x080008b0   0x080008b0   0x00000030   Code   RO         9084    .text               mf_w.l(dfixul.o)
    0x080008e0   0x080008e0   0x00000030   Code   RO         9086    .text               mf_w.l(cdrcmple.o)
    0x08000910   0x08000910   0x00000024   Code   RO         9088    .text               mc_w.l(init.o)
    0x08000934   0x08000934   0x00000024   Code   RO         9090    .text               mc_w.l(llsshr.o)
    0x08000958   0x08000958   0x000000ba   Code   RO         9092    .text               mf_w.l(depilogue.o)
    0x08000a12   0x08000a12   0x00000056   Code   RO         9102    .text               mc_w.l(__dczerorl2.o)
    0x08000a68   0x08000a68   0x0000000a   Code   RO         7659    i.$Sub$$main        components.o
    0x08000a72   0x08000a72   0x00000002   PAD
    0x08000a74   0x08000a74   0x00000028   Code   RO          990    i.AD7606_DmaCplCb   fmc_tim_ad7606.o
    0x08000a9c   0x08000a9c   0x00000014   Code   RO          991    i.AD7606_DmaHalfCplCb  fmc_tim_ad7606.o
    0x08000ab0   0x08000ab0   0x00000016   Code   RO          992    i.AD7606_INIT       fmc_tim_ad7606.o
    0x08000ac6   0x08000ac6   0x00000002   PAD
    0x08000ac8   0x08000ac8   0x0000001c   Code   RO          993    i.AD7606_Reset      fmc_tim_ad7606.o
    0x08000ae4   0x08000ae4   0x00000014   Code   RO          994    i.AD7606_SetInputRange  fmc_tim_ad7606.o
    0x08000af8   0x08000af8   0x00000050   Code   RO          995    i.AD7606_SetOS      fmc_tim_ad7606.o
    0x08000b48   0x08000b48   0x00000004   Code   RO          996    i.AD7606_Start      fmc_tim_ad7606.o
    0x08000b4c   0x08000b4c   0x00000004   Code   RO          997    i.AD7606_Stop       fmc_tim_ad7606.o
    0x08000b50   0x08000b50   0x0000000c   Code   RO         6460    i.BSP_SD_GetCardInfo  bsp_driver_sd.o
    0x08000b5c   0x08000b5c   0x00000018   Code   RO         6461    i.BSP_SD_GetCardState  bsp_driver_sd.o
    0x08000b74   0x08000b74   0x00000030   Code   RO         6463    i.BSP_SD_Init       bsp_driver_sd.o
    0x08000ba4   0x08000ba4   0x0000000e   Code   RO         6464    i.BSP_SD_IsDetected  bsp_driver_sd.o
    0x08000bb2   0x08000bb2   0x00000002   PAD
    0x08000bb4   0x08000bb4   0x0000001c   Code   RO         6466    i.BSP_SD_ReadBlocks_DMA  bsp_driver_sd.o
    0x08000bd0   0x08000bd0   0x0000000c   Code   RO         6573    i.BSP_SD_ReadCpltCallback  sd_diskio.o
    0x08000bdc   0x08000bdc   0x0000001c   Code   RO         6469    i.BSP_SD_WriteBlocks_DMA  bsp_driver_sd.o
    0x08000bf8   0x08000bf8   0x0000000c   Code   RO         6574    i.BSP_SD_WriteCpltCallback  sd_diskio.o
    0x08000c04   0x08000c04   0x00000002   Code   RO          711    i.BusFault_Handler  stm32h7xx_it.o
    0x08000c06   0x08000c06   0x00000002   PAD
    0x08000c08   0x08000c08   0x0000000c   Code   RO          712    i.DMA1_Stream0_IRQHandler  stm32h7xx_it.o
    0x08000c14   0x08000c14   0x000000b8   Code   RO         2222    i.DMA_CalcBaseAndBitshift  stm32h7xx_hal_dma.o
    0x08000ccc   0x08000ccc   0x000000a0   Code   RO         2223    i.DMA_CalcDMAMUXChannelBaseAndMask  stm32h7xx_hal_dma.o
    0x08000d6c   0x08000d6c   0x0000007c   Code   RO         2224    i.DMA_CalcDMAMUXRequestGenBaseAndMask  stm32h7xx_hal_dma.o
    0x08000de8   0x08000de8   0x00000054   Code   RO         2225    i.DMA_CheckFifoParam  stm32h7xx_hal_dma.o
    0x08000e3c   0x08000e3c   0x00000220   Code   RO         2226    i.DMA_SetConfig     stm32h7xx_hal_dma.o
    0x0800105c   0x0800105c   0x00000002   Code   RO          713    i.DebugMon_Handler  stm32h7xx_it.o
    0x0800105e   0x0800105e   0x00000006   Code   RO          714    i.EXTI0_IRQHandler  stm32h7xx_it.o
    0x08001064   0x08001064   0x00000002   Code   RO           14    i.Error_Handler     main.o
    0x08001066   0x08001066   0x00000006   Code   RO         7177    i.FATFS_LinkDriver  ff_gen_drv.o
    0x0800106c   0x0800106c   0x00000040   Code   RO         7178    i.FATFS_LinkDriverEx  ff_gen_drv.o
    0x080010ac   0x080010ac   0x0000003c   Code   RO         6144    i.FMC_NORSRAM_Extended_Timing_Init  stm32h7xx_ll_fmc.o
    0x080010e8   0x080010e8   0x0000008c   Code   RO         6145    i.FMC_NORSRAM_Init  stm32h7xx_ll_fmc.o
    0x08001174   0x08001174   0x00000064   Code   RO         6146    i.FMC_NORSRAM_Timing_Init  stm32h7xx_ll_fmc.o
    0x080011d8   0x080011d8   0x000000c8   Code   RO          486    i.Fatfa_GetFree_2   sdmmc_fatfs.o
    0x080012a0   0x080012a0   0x000002ac   Code   RO          487    i.Fatfs_RW_test     sdmmc_fatfs.o
    0x0800154c   0x0800154c   0x00000230   Code   RO          588    i.Get_CardInfo      sdmmc.o
    0x0800177c   0x0800177c   0x00000364   Code   RO         2227    i.HAL_DMA_Abort     stm32h7xx_hal_dma.o
    0x08001ae0   0x08001ae0   0x00000264   Code   RO         2228    i.HAL_DMA_Abort_IT  stm32h7xx_hal_dma.o
    0x08001d44   0x08001d44   0x000001e4   Code   RO         2229    i.HAL_DMA_DeInit    stm32h7xx_hal_dma.o
    0x08001f28   0x08001f28   0x000006fc   Code   RO         2232    i.HAL_DMA_IRQHandler  stm32h7xx_hal_dma.o
    0x08002624   0x08002624   0x000003b0   Code   RO         2233    i.HAL_DMA_Init      stm32h7xx_hal_dma.o
    0x080029d4   0x080029d4   0x00000056   Code   RO         2235    i.HAL_DMA_RegisterCallback  stm32h7xx_hal_dma.o
    0x08002a2a   0x08002a2a   0x00000002   PAD
    0x08002a2c   0x08002a2c   0x000002b4   Code   RO         2237    i.HAL_DMA_Start_IT  stm32h7xx_hal_dma.o
    0x08002ce0   0x08002ce0   0x00000024   Code   RO         3077    i.HAL_Delay         stm32h7xx_hal.o
    0x08002d04   0x08002d04   0x00000084   Code   RO          942    i.HAL_FMC_MspInit   fmc.o
    0x08002d88   0x08002d88   0x00000002   Code   RO         2073    i.HAL_GPIO_EXTI_Callback  stm32h7xx_hal_gpio.o
    0x08002d8a   0x08002d8a   0x00000018   Code   RO         2074    i.HAL_GPIO_EXTI_IRQHandler  stm32h7xx_hal_gpio.o
    0x08002da2   0x08002da2   0x00000002   PAD
    0x08002da4   0x08002da4   0x000001d0   Code   RO         2075    i.HAL_GPIO_Init     stm32h7xx_hal_gpio.o
    0x08002f74   0x08002f74   0x0000000a   Code   RO         2077    i.HAL_GPIO_ReadPin  stm32h7xx_hal_gpio.o
    0x08002f7e   0x08002f7e   0x00000010   Code   RO         2078    i.HAL_GPIO_TogglePin  stm32h7xx_hal_gpio.o
    0x08002f8e   0x08002f8e   0x0000000a   Code   RO         2079    i.HAL_GPIO_WritePin  stm32h7xx_hal_gpio.o
    0x08002f98   0x08002f98   0x0000000c   Code   RO         3088    i.HAL_GetREVID      stm32h7xx_hal.o
    0x08002fa4   0x08002fa4   0x00000004   Code   RO         3089    i.HAL_GetTick       stm32h7xx_hal.o
    0x08002fa8   0x08002fa8   0x00000110   Code   RO           15    i.HAL_Get_CPU_RCC_Clock  main.o
    0x080030b8   0x080030b8   0x0000005c   Code   RO         3096    i.HAL_Init          stm32h7xx_hal.o
    0x08003114   0x08003114   0x00000040   Code   RO         3097    i.HAL_InitTick      stm32h7xx_hal.o
    0x08003154   0x08003154   0x0000001c   Code   RO          793    i.HAL_MspInit       stm32h7xx_hal_msp.o
    0x08003170   0x08003170   0x0000001a   Code   RO         2935    i.HAL_NVIC_EnableIRQ  stm32h7xx_hal_cortex.o
    0x0800318a   0x0800318a   0x00000002   PAD
    0x0800318c   0x0800318c   0x00000040   Code   RO         2941    i.HAL_NVIC_SetPriority  stm32h7xx_hal_cortex.o
    0x080031cc   0x080031cc   0x00000024   Code   RO         2942    i.HAL_NVIC_SetPriorityGrouping  stm32h7xx_hal_cortex.o
    0x080031f0   0x080031f0   0x00000050   Code   RO         2676    i.HAL_PWREx_ConfigSupply  stm32h7xx_hal_pwr_ex.o
    0x08003240   0x08003240   0x00000024   Code   RO         1696    i.HAL_RCCEx_GetD3PCLK1Freq  stm32h7xx_hal_rcc_ex.o
    0x08003264   0x08003264   0x00000158   Code   RO         1697    i.HAL_RCCEx_GetPLL1ClockFreq  stm32h7xx_hal_rcc_ex.o
    0x080033bc   0x080033bc   0x0000013c   Code   RO         1698    i.HAL_RCCEx_GetPLL2ClockFreq  stm32h7xx_hal_rcc_ex.o
    0x080034f8   0x080034f8   0x0000013c   Code   RO         1699    i.HAL_RCCEx_GetPLL3ClockFreq  stm32h7xx_hal_rcc_ex.o
    0x08003634   0x08003634   0x00000268   Code   RO         1701    i.HAL_RCCEx_GetPeriphCLKFreq  stm32h7xx_hal_rcc_ex.o
    0x0800389c   0x0800389c   0x000008d4   Code   RO         1705    i.HAL_RCCEx_PeriphCLKConfig  stm32h7xx_hal_rcc_ex.o
    0x08004170   0x08004170   0x00000270   Code   RO         1581    i.HAL_RCC_ClockConfig  stm32h7xx_hal_rcc.o
    0x080043e0   0x080043e0   0x00000044   Code   RO         1586    i.HAL_RCC_GetHCLKFreq  stm32h7xx_hal_rcc.o
    0x08004424   0x08004424   0x00000024   Code   RO         1588    i.HAL_RCC_GetPCLK1Freq  stm32h7xx_hal_rcc.o
    0x08004448   0x08004448   0x00000024   Code   RO         1589    i.HAL_RCC_GetPCLK2Freq  stm32h7xx_hal_rcc.o
    0x0800446c   0x0800446c   0x00000130   Code   RO         1590    i.HAL_RCC_GetSysClockFreq  stm32h7xx_hal_rcc.o
    0x0800459c   0x0800459c   0x000004f6   Code   RO         1593    i.HAL_RCC_OscConfig  stm32h7xx_hal_rcc.o
    0x08004a92   0x08004a92   0x00000002   Code   RO         4304    i.HAL_SDEx_Read_DMADoubleBuf0CpltCallback  stm32h7xx_hal_sd.o
    0x08004a94   0x08004a94   0x00000002   Code   RO         4305    i.HAL_SDEx_Read_DMADoubleBuf1CpltCallback  stm32h7xx_hal_sd.o
    0x08004a96   0x08004a96   0x00000002   Code   RO         4306    i.HAL_SDEx_Write_DMADoubleBuf0CpltCallback  stm32h7xx_hal_sd.o
    0x08004a98   0x08004a98   0x00000002   Code   RO         4307    i.HAL_SDEx_Write_DMADoubleBuf1CpltCallback  stm32h7xx_hal_sd.o
    0x08004a9a   0x08004a9a   0x00000002   PAD
    0x08004a9c   0x08004a9c   0x00000188   Code   RO         4312    i.HAL_SD_ConfigWideBusOperation  stm32h7xx_hal_sd.o
    0x08004c24   0x08004c24   0x00000002   Code   RO         4314    i.HAL_SD_DriveTransceiver_1_8V_Callback  stm32h7xx_hal_sd.o
    0x08004c26   0x08004c26   0x00000002   Code   RO         4316    i.HAL_SD_ErrorCallback  stm32h7xx_hal_sd.o
    0x08004c28   0x08004c28   0x00000054   Code   RO         4317    i.HAL_SD_GetCardCID  stm32h7xx_hal_sd.o
    0x08004c7c   0x08004c7c   0x000001bc   Code   RO         4318    i.HAL_SD_GetCardCSD  stm32h7xx_hal_sd.o
    0x08004e38   0x08004e38   0x00000024   Code   RO         4319    i.HAL_SD_GetCardInfo  stm32h7xx_hal_sd.o
    0x08004e5c   0x08004e5c   0x00000032   Code   RO         4320    i.HAL_SD_GetCardState  stm32h7xx_hal_sd.o
    0x08004e8e   0x08004e8e   0x00000002   PAD
    0x08004e90   0x08004e90   0x000000c0   Code   RO         4321    i.HAL_SD_GetCardStatus  stm32h7xx_hal_sd.o
    0x08004f50   0x08004f50   0x0000023c   Code   RO         4324    i.HAL_SD_IRQHandler  stm32h7xx_hal_sd.o
    0x0800518c   0x0800518c   0x000000a2   Code   RO         4325    i.HAL_SD_Init       stm32h7xx_hal_sd.o
    0x0800522e   0x0800522e   0x00000002   PAD
    0x08005230   0x08005230   0x000000b8   Code   RO         4326    i.HAL_SD_InitCard   stm32h7xx_hal_sd.o
    0x080052e8   0x080052e8   0x00000114   Code   RO          590    i.HAL_SD_MspInit    sdmmc.o
    0x080053fc   0x080053fc   0x000000d4   Code   RO         4330    i.HAL_SD_ReadBlocks_DMA  stm32h7xx_hal_sd.o
    0x080054d0   0x080054d0   0x00000008   Code   RO         6472    i.HAL_SD_RxCpltCallback  bsp_driver_sd.o
    0x080054d8   0x080054d8   0x00000008   Code   RO         6473    i.HAL_SD_TxCpltCallback  bsp_driver_sd.o
    0x080054e0   0x080054e0   0x000000d4   Code   RO         4335    i.HAL_SD_WriteBlocks_DMA  stm32h7xx_hal_sd.o
    0x080055b4   0x080055b4   0x0000006c   Code   RO         6290    i.HAL_SRAM_Init     stm32h7xx_hal_sram.o
    0x08005620   0x08005620   0x00000004   Code   RO          944    i.HAL_SRAM_MspInit  fmc.o
    0x08005624   0x08005624   0x00000028   Code   RO         2946    i.HAL_SYSTICK_Config  stm32h7xx_hal_cortex.o
    0x0800564c   0x0800564c   0x00000002   Code   RO         5313    i.HAL_TIMEx_Break2Callback  stm32h7xx_hal_tim_ex.o
    0x0800564e   0x0800564e   0x00000002   Code   RO         5314    i.HAL_TIMEx_BreakCallback  stm32h7xx_hal_tim_ex.o
    0x08005650   0x08005650   0x00000002   Code   RO         5315    i.HAL_TIMEx_CommutCallback  stm32h7xx_hal_tim_ex.o
    0x08005652   0x08005652   0x00000002   PAD
    0x08005654   0x08005654   0x000000a0   Code   RO         5335    i.HAL_TIMEx_MasterConfigSynchronization  stm32h7xx_hal_tim_ex.o
    0x080056f4   0x080056f4   0x00000062   Code   RO         4599    i.HAL_TIM_Base_Init  stm32h7xx_hal_tim.o
    0x08005756   0x08005756   0x00000002   PAD
    0x08005758   0x08005758   0x000000bc   Code   RO         1059    i.HAL_TIM_Base_MspInit  tim.o
    0x08005814   0x08005814   0x00000002   Code   RO         4633    i.HAL_TIM_IC_CaptureCallback  stm32h7xx_hal_tim.o
    0x08005816   0x08005816   0x00000184   Code   RO         4647    i.HAL_TIM_IRQHandler  stm32h7xx_hal_tim.o
    0x0800599a   0x0800599a   0x00000002   PAD
    0x0800599c   0x0800599c   0x0000005c   Code   RO         1060    i.HAL_TIM_MspPostInit  tim.o
    0x080059f8   0x080059f8   0x00000002   Code   RO         4650    i.HAL_TIM_OC_DelayElapsedCallback  stm32h7xx_hal_tim.o
    0x080059fa   0x080059fa   0x0000011e   Code   RO         4671    i.HAL_TIM_PWM_ConfigChannel  stm32h7xx_hal_tim.o
    0x08005b18   0x08005b18   0x00000062   Code   RO         4674    i.HAL_TIM_PWM_Init  stm32h7xx_hal_tim.o
    0x08005b7a   0x08005b7a   0x00000002   Code   RO         4676    i.HAL_TIM_PWM_MspInit  stm32h7xx_hal_tim.o
    0x08005b7c   0x08005b7c   0x00000002   Code   RO         4677    i.HAL_TIM_PWM_PulseFinishedCallback  stm32h7xx_hal_tim.o
    0x08005b7e   0x08005b7e   0x00000002   PAD
    0x08005b80   0x08005b80   0x00000118   Code   RO         4679    i.HAL_TIM_PWM_Start  stm32h7xx_hal_tim.o
    0x08005c98   0x08005c98   0x000000ac   Code   RO         4682    i.HAL_TIM_PWM_Stop  stm32h7xx_hal_tim.o
    0x08005d44   0x08005d44   0x00000002   Code   RO         4685    i.HAL_TIM_PeriodElapsedCallback  stm32h7xx_hal_tim.o
    0x08005d46   0x08005d46   0x00000052   Code   RO         4688    i.HAL_TIM_SlaveConfigSynchro  stm32h7xx_hal_tim.o
    0x08005d98   0x08005d98   0x00000002   Code   RO         4690    i.HAL_TIM_TriggerCallback  stm32h7xx_hal_tim.o
    0x08005d9a   0x08005d9a   0x0000003e   Code   RO         6024    i.HAL_UARTEx_DisableFifoMode  stm32h7xx_hal_uart_ex.o
    0x08005dd8   0x08005dd8   0x00000002   Code   RO         5613    i.HAL_UARTEx_RxEventCallback  stm32h7xx_hal_uart.o
    0x08005dda   0x08005dda   0x00000002   Code   RO         6031    i.HAL_UARTEx_RxFifoFullCallback  stm32h7xx_hal_uart_ex.o
    0x08005ddc   0x08005ddc   0x0000004c   Code   RO         6032    i.HAL_UARTEx_SetRxFifoThreshold  stm32h7xx_hal_uart_ex.o
    0x08005e28   0x08005e28   0x0000004c   Code   RO         6033    i.HAL_UARTEx_SetTxFifoThreshold  stm32h7xx_hal_uart_ex.o
    0x08005e74   0x08005e74   0x00000002   Code   RO         6035    i.HAL_UARTEx_TxFifoEmptyCallback  stm32h7xx_hal_uart_ex.o
    0x08005e76   0x08005e76   0x00000002   Code   RO         6036    i.HAL_UARTEx_WakeupCallback  stm32h7xx_hal_uart_ex.o
    0x08005e78   0x08005e78   0x00000034   Code   RO          637    i.HAL_UART_ErrorCallback  usart.o
    0x08005eac   0x08005eac   0x00000300   Code   RO         5632    i.HAL_UART_IRQHandler  stm32h7xx_hal_uart.o
    0x080061ac   0x080061ac   0x0000006a   Code   RO         5633    i.HAL_UART_Init     stm32h7xx_hal_uart.o
    0x08006216   0x08006216   0x00000002   PAD
    0x08006218   0x08006218   0x00000068   Code   RO          639    i.HAL_UART_MspInit  usart.o
    0x08006280   0x08006280   0x0000004c   Code   RO         5638    i.HAL_UART_Receive_IT  stm32h7xx_hal_uart.o
    0x080062cc   0x080062cc   0x00000044   Code   RO          640    i.HAL_UART_RxCpltCallback  usart.o
    0x08006310   0x08006310   0x000000bc   Code   RO         5642    i.HAL_UART_Transmit  stm32h7xx_hal_uart.o
    0x080063cc   0x080063cc   0x00000002   Code   RO         5645    i.HAL_UART_TxCpltCallback  stm32h7xx_hal_uart.o
    0x080063ce   0x080063ce   0x00000002   PAD
    0x080063d0   0x080063d0   0x0000002c   Code   RO          918    i.MX_DMA_Init       dma.o
    0x080063fc   0x080063fc   0x0000001c   Code   RO         6650    i.MX_FATFS_Init     fatfs.o
    0x08006418   0x08006418   0x00000070   Code   RO          945    i.MX_FMC_Init       fmc.o
    0x08006488   0x08006488   0x00000294   Code   RO          420    i.MX_GPIO_Init      gpio.o
    0x0800671c   0x0800671c   0x0000007c   Code   RO          591    i.MX_SDMMC2_SD_Init  sdmmc.o
    0x08006798   0x08006798   0x000000cc   Code   RO         1061    i.MX_TIM2_Init      tim.o
    0x08006864   0x08006864   0x00000080   Code   RO          641    i.MX_UART8_Init     usart.o
    0x080068e4   0x080068e4   0x00000002   Code   RO          715    i.NMI_Handler       stm32h7xx_it.o
    0x080068e6   0x080068e6   0x00000002   PAD
    0x080068e8   0x080068e8   0x00000114   Code   RO         1708    i.RCCEx_PLL2_Config  stm32h7xx_hal_rcc_ex.o
    0x080069fc   0x080069fc   0x00000114   Code   RO         1709    i.RCCEx_PLL3_Config  stm32h7xx_hal_rcc_ex.o
    0x08006b10   0x08006b10   0x0000000c   Code   RO          716    i.SDMMC2_IRQHandler  stm32h7xx_it.o
    0x08006b1c   0x08006b1c   0x00000032   Code   RO         3970    i.SDMMC_CmdAppCommand  stm32h7xx_ll_sdmmc.o
    0x08006b4e   0x08006b4e   0x0000002c   Code   RO         3971    i.SDMMC_CmdAppOperCommand  stm32h7xx_ll_sdmmc.o
    0x08006b7a   0x08006b7a   0x00000030   Code   RO         3972    i.SDMMC_CmdBlockLength  stm32h7xx_ll_sdmmc.o
    0x08006baa   0x08006baa   0x00000032   Code   RO         3973    i.SDMMC_CmdBusWidth  stm32h7xx_ll_sdmmc.o
    0x08006bdc   0x08006bdc   0x00000054   Code   RO         3977    i.SDMMC_CmdGoIdleState  stm32h7xx_ll_sdmmc.o
    0x08006c30   0x08006c30   0x0000002e   Code   RO         3979    i.SDMMC_CmdOperCond  stm32h7xx_ll_sdmmc.o
    0x08006c5e   0x08006c5e   0x00000032   Code   RO         3980    i.SDMMC_CmdReadMultiBlock  stm32h7xx_ll_sdmmc.o
    0x08006c90   0x08006c90   0x00000032   Code   RO         3981    i.SDMMC_CmdReadSingleBlock  stm32h7xx_ll_sdmmc.o
    0x08006cc2   0x08006cc2   0x00000032   Code   RO         3984    i.SDMMC_CmdSelDesel  stm32h7xx_ll_sdmmc.o
    0x08006cf4   0x08006cf4   0x0000002c   Code   RO         3985    i.SDMMC_CmdSendCID  stm32h7xx_ll_sdmmc.o
    0x08006d20   0x08006d20   0x0000002e   Code   RO         3986    i.SDMMC_CmdSendCSD  stm32h7xx_ll_sdmmc.o
    0x08006d4e   0x08006d4e   0x00000032   Code   RO         3988    i.SDMMC_CmdSendSCR  stm32h7xx_ll_sdmmc.o
    0x08006d80   0x08006d80   0x00000032   Code   RO         3989    i.SDMMC_CmdSendStatus  stm32h7xx_ll_sdmmc.o
    0x08006db2   0x08006db2   0x00000032   Code   RO         3990    i.SDMMC_CmdSetRelAdd  stm32h7xx_ll_sdmmc.o
    0x08006de4   0x08006de4   0x00000032   Code   RO         3992    i.SDMMC_CmdStatusRegister  stm32h7xx_ll_sdmmc.o
    0x08006e16   0x08006e16   0x00000002   PAD
    0x08006e18   0x08006e18   0x00000054   Code   RO         3993    i.SDMMC_CmdStopTransfer  stm32h7xx_ll_sdmmc.o
    0x08006e6c   0x08006e6c   0x00000032   Code   RO         3995    i.SDMMC_CmdVoltageSwitch  stm32h7xx_ll_sdmmc.o
    0x08006e9e   0x08006e9e   0x00000032   Code   RO         3996    i.SDMMC_CmdWriteMultiBlock  stm32h7xx_ll_sdmmc.o
    0x08006ed0   0x08006ed0   0x00000032   Code   RO         3997    i.SDMMC_CmdWriteSingleBlock  stm32h7xx_ll_sdmmc.o
    0x08006f02   0x08006f02   0x00000024   Code   RO         3998    i.SDMMC_ConfigData  stm32h7xx_ll_sdmmc.o
    0x08006f26   0x08006f26   0x00000002   PAD
    0x08006f28   0x08006f28   0x00000124   Code   RO         3999    i.SDMMC_GetCmdResp1  stm32h7xx_ll_sdmmc.o
    0x0800704c   0x0800704c   0x00000054   Code   RO         4000    i.SDMMC_GetCmdResp2  stm32h7xx_ll_sdmmc.o
    0x080070a0   0x080070a0   0x00000048   Code   RO         4001    i.SDMMC_GetCmdResp3  stm32h7xx_ll_sdmmc.o
    0x080070e8   0x080070e8   0x0000008c   Code   RO         4002    i.SDMMC_GetCmdResp6  stm32h7xx_ll_sdmmc.o
    0x08007174   0x08007174   0x00000058   Code   RO         4003    i.SDMMC_GetCmdResp7  stm32h7xx_ll_sdmmc.o
    0x080071cc   0x080071cc   0x00000008   Code   RO         4007    i.SDMMC_GetPowerState  stm32h7xx_ll_sdmmc.o
    0x080071d4   0x080071d4   0x00000006   Code   RO         4008    i.SDMMC_GetResponse  stm32h7xx_ll_sdmmc.o
    0x080071da   0x080071da   0x00000002   PAD
    0x080071dc   0x080071dc   0x00000020   Code   RO         4009    i.SDMMC_Init        stm32h7xx_ll_sdmmc.o
    0x080071fc   0x080071fc   0x0000000c   Code   RO         4012    i.SDMMC_PowerState_ON  stm32h7xx_ll_sdmmc.o
    0x08007208   0x08007208   0x00000006   Code   RO         4013    i.SDMMC_ReadFIFO    stm32h7xx_ll_sdmmc.o
    0x0800720e   0x0800720e   0x00000002   PAD
    0x08007210   0x08007210   0x00000024   Code   RO         4014    i.SDMMC_SendCommand  stm32h7xx_ll_sdmmc.o
    0x08007234   0x08007234   0x0000000a   Code   RO         4016    i.SDMMC_WriteFIFO   stm32h7xx_ll_sdmmc.o
    0x0800723e   0x0800723e   0x00000002   PAD
    0x08007240   0x08007240   0x00000020   Code   RO         6575    i.SD_CheckStatus    sd_diskio.o
    0x08007260   0x08007260   0x00000024   Code   RO         6576    i.SD_CheckStatusWithTimeout  sd_diskio.o
    0x08007284   0x08007284   0x000000dc   Code   RO         4338    i.SD_FindSCR        stm32h7xx_hal_sd.o
    0x08007360   0x08007360   0x000000d2   Code   RO         4340    i.SD_InitCard       stm32h7xx_hal_sd.o
    0x08007432   0x08007432   0x00000002   PAD
    0x08007434   0x08007434   0x00000148   Code   RO         4341    i.SD_PowerON        stm32h7xx_hal_sd.o
    0x0800757c   0x0800757c   0x000000e8   Code   RO         4342    i.SD_SendSDStatus   stm32h7xx_hal_sd.o
    0x08007664   0x08007664   0x0000001c   Code   RO         6577    i.SD_initialize     sd_diskio.o
    0x08007680   0x08007680   0x00000050   Code   RO         6578    i.SD_ioctl          sd_diskio.o
    0x080076d0   0x080076d0   0x00000078   Code   RO         6579    i.SD_read           sd_diskio.o
    0x08007748   0x08007748   0x00000004   Code   RO         6580    i.SD_status         sd_diskio.o
    0x0800774c   0x0800774c   0x00000078   Code   RO         6581    i.SD_write          sd_diskio.o
    0x080077c4   0x080077c4   0x00000002   Code   RO          717    i.SVC_Handler       stm32h7xx_it.o
    0x080077c6   0x080077c6   0x00000012   Code   RO         7283    i.SysTick_Handler   board.o
    0x080077d8   0x080077d8   0x000000a8   Code   RO           17    i.SystemClock_Config  main.o
    0x08007880   0x08007880   0x000000e4   Code   RO         6422    i.SystemInit        system_stm32h7xx.o
    0x08007964   0x08007964   0x0000000c   Code   RO          718    i.TIM2_IRQHandler   stm32h7xx_it.o
    0x08007970   0x08007970   0x000000c0   Code   RO         4692    i.TIM_Base_SetConfig  stm32h7xx_hal_tim.o
    0x08007a30   0x08007a30   0x0000001a   Code   RO         4693    i.TIM_CCxChannelCmd  stm32h7xx_hal_tim.o
    0x08007a4a   0x08007a4a   0x00000014   Code   RO         4703    i.TIM_ETR_SetConfig  stm32h7xx_hal_tim.o
    0x08007a5e   0x08007a5e   0x00000002   PAD
    0x08007a60   0x08007a60   0x0000009c   Code   RO         4705    i.TIM_OC1_SetConfig  stm32h7xx_hal_tim.o
    0x08007afc   0x08007afc   0x00000090   Code   RO         4706    i.TIM_OC2_SetConfig  stm32h7xx_hal_tim.o
    0x08007b8c   0x08007b8c   0x00000088   Code   RO         4707    i.TIM_OC3_SetConfig  stm32h7xx_hal_tim.o
    0x08007c14   0x08007c14   0x0000006c   Code   RO         4708    i.TIM_OC4_SetConfig  stm32h7xx_hal_tim.o
    0x08007c80   0x08007c80   0x0000006c   Code   RO         4709    i.TIM_OC5_SetConfig  stm32h7xx_hal_tim.o
    0x08007cec   0x08007cec   0x0000006c   Code   RO         4710    i.TIM_OC6_SetConfig  stm32h7xx_hal_tim.o
    0x08007d58   0x08007d58   0x00000090   Code   RO         4711    i.TIM_SlaveTimer_SetConfig  stm32h7xx_hal_tim.o
    0x08007de8   0x08007de8   0x00000022   Code   RO         4712    i.TIM_TI1_ConfigInputStage  stm32h7xx_hal_tim.o
    0x08007e0a   0x08007e0a   0x00000024   Code   RO         4714    i.TIM_TI2_ConfigInputStage  stm32h7xx_hal_tim.o
    0x08007e2e   0x08007e2e   0x00000002   PAD
    0x08007e30   0x08007e30   0x00000028   Code   RO         1062    i.Tim2_pwm_disable  tim.o
    0x08007e58   0x08007e58   0x00000028   Code   RO         1063    i.Tim2_pwm_enable   tim.o
    0x08007e80   0x08007e80   0x00000018   Code   RO          719    i.UART8_IRQHandler  stm32h7xx_it.o
    0x08007e98   0x08007e98   0x00000044   Code   RO         6037    i.UARTEx_SetNbDataToProcess  stm32h7xx_hal_uart_ex.o
    0x08007edc   0x08007edc   0x000000c8   Code   RO         5647    i.UART_AdvFeatureConfig  stm32h7xx_hal_uart.o
    0x08007fa4   0x08007fa4   0x00000060   Code   RO         5648    i.UART_CheckIdleState  stm32h7xx_hal_uart.o
    0x08008004   0x08008004   0x00000014   Code   RO         5649    i.UART_DMAAbortOnError  stm32h7xx_hal_uart.o
    0x08008018   0x08008018   0x00000038   Code   RO         5659    i.UART_EndRxTransfer  stm32h7xx_hal_uart.o
    0x08008050   0x08008050   0x00000080   Code   RO         5661    i.UART_RxISR_16BIT  stm32h7xx_hal_uart.o
    0x080080d0   0x080080d0   0x00000134   Code   RO         5662    i.UART_RxISR_16BIT_FIFOEN  stm32h7xx_hal_uart.o
    0x08008204   0x08008204   0x00000080   Code   RO         5663    i.UART_RxISR_8BIT   stm32h7xx_hal_uart.o
    0x08008284   0x08008284   0x00000134   Code   RO         5664    i.UART_RxISR_8BIT_FIFOEN  stm32h7xx_hal_uart.o
    0x080083b8   0x080083b8   0x00000398   Code   RO         5665    i.UART_SetConfig    stm32h7xx_hal_uart.o
    0x08008750   0x08008750   0x000000d8   Code   RO         5667    i.UART_Start_Receive_IT  stm32h7xx_hal_uart.o
    0x08008828   0x08008828   0x000000a0   Code   RO         5672    i.UART_WaitOnFlagUntilTimeout  stm32h7xx_hal_uart.o
    0x080088c8   0x080088c8   0x00000002   Code   RO          720    i.UsageFault_Handler  stm32h7xx_it.o
    0x080088ca   0x080088ca   0x00000002   PAD
    0x080088cc   0x080088cc   0x00000020   Code   RO         9028    i.__0printf         mc_w.l(printfa.o)
    0x080088ec   0x080088ec   0x00000028   Code   RO         9030    i.__0sprintf        mc_w.l(printfa.o)
    0x08008914   0x08008914   0x00000020   Code   RO         2948    i.__NVIC_SetPriority  stm32h7xx_hal_cortex.o
    0x08008934   0x08008934   0x00000044   Code   RO         8075    i.__rt_ffs          kservice.o
    0x08008978   0x08008978   0x0000000e   Code   RO         9096    i.__scatterload_copy  mc_w.l(handlers.o)
    0x08008986   0x08008986   0x00000002   Code   RO         9097    i.__scatterload_null  mc_w.l(handlers.o)
    0x08008988   0x08008988   0x0000000e   Code   RO         9098    i.__scatterload_zeroinit  mc_w.l(handlers.o)
    0x08008996   0x08008996   0x00000002   PAD
    0x08008998   0x08008998   0x00000184   Code   RO         9035    i._fp_digits        mc_w.l(printfa.o)
    0x08008b1c   0x08008b1c   0x00000014   Code   RO         7799    i._has_defunct_thread  idle.o
    0x08008b30   0x08008b30   0x000000d0   Code   RO         7463    i._msh_exec_cmd     msh.o
    0x08008c00   0x08008c00   0x000006dc   Code   RO         9036    i._printf_core      mc_w.l(printfa.o)
    0x080092dc   0x080092dc   0x00000024   Code   RO         9037    i._printf_post_padding  mc_w.l(printfa.o)
    0x08009300   0x08009300   0x0000002e   Code   RO         9038    i._printf_pre_padding  mc_w.l(printfa.o)
    0x0800932e   0x0800932e   0x00000002   PAD
    0x08009330   0x08009330   0x000000c0   Code   RO         8445    i._rt_scheduler_stack_check  scheduler.o
    0x080093f0   0x080093f0   0x000000c0   Code   RO         8519    i._rt_thread_init   thread.o
    0x080094b0   0x080094b0   0x00000026   Code   RO         8661    i._rt_timer_init    timer.o
    0x080094d6   0x080094d6   0x00000020   Code   RO         8662    i._rt_timer_remove  timer.o
    0x080094f6   0x080094f6   0x0000000a   Code   RO         9040    i._sputc            mc_w.l(printfa.o)
    0x08009500   0x08009500   0x000000e8   Code   RO         7736    i.bus_fault_track   cpuport.o
    0x080095e8   0x080095e8   0x00000078   Code   RO         6743    i.change_bitmap     ff.o
    0x08009660   0x08009660   0x0000008c   Code   RO         6744    i.check_fs          ff.o
    0x080096ec   0x080096ec   0x00000010   Code   RO         6745    i.chk_chr           ff.o
    0x080096fc   0x080096fc   0x0000005c   Code   RO         6746    i.chk_lock          ff.o
    0x08009758   0x08009758   0x00000010   Code   RO           18    i.clc_watchdog      main.o
    0x08009768   0x08009768   0x00000020   Code   RO         6747    i.clear_lock        ff.o
    0x08009788   0x08009788   0x00000032   Code   RO         6748    i.clmt_clust        ff.o
    0x080097ba   0x080097ba   0x00000018   Code   RO         6749    i.clust2sect        ff.o
    0x080097d2   0x080097d2   0x0000000a   Code   RO         7464    i.cmd_free          msh.o
    0x080097dc   0x080097dc   0x0000000a   Code   RO         7465    i.cmd_ps            msh.o
    0x080097e6   0x080097e6   0x00000002   PAD
    0x080097e8   0x080097e8   0x00000084   Code   RO         6750    i.cmp_lfn           ff.o
    0x0800986c   0x0800986c   0x00000132   Code   RO         6751    i.create_chain      ff.o
    0x0800999e   0x0800999e   0x00000002   PAD
    0x080099a0   0x080099a0   0x0000021c   Code   RO         6752    i.create_name       ff.o
    0x08009bbc   0x08009bbc   0x0000007c   Code   RO         6753    i.create_xdir       ff.o
    0x08009c38   0x08009c38   0x00000034   Code   RO         6754    i.dec_lock          ff.o
    0x08009c6c   0x08009c6c   0x00000058   Code   RO         6755    i.dir_alloc         ff.o
    0x08009cc4   0x08009cc4   0x00000146   Code   RO         6756    i.dir_find          ff.o
    0x08009e0a   0x08009e0a   0x00000104   Code   RO         6757    i.dir_next          ff.o
    0x08009f0e   0x08009f0e   0x000000d6   Code   RO         6758    i.dir_read          ff.o
    0x08009fe4   0x08009fe4   0x0000023c   Code   RO         6759    i.dir_register      ff.o
    0x0800a220   0x0800a220   0x00000096   Code   RO         6761    i.dir_sdi           ff.o
    0x0800a2b6   0x0800a2b6   0x00000002   PAD
    0x0800a2b8   0x0800a2b8   0x00000028   Code   RO         6688    i.disk_initialize   diskio.o
    0x0800a2e0   0x0800a2e0   0x0000001c   Code   RO         6689    i.disk_ioctl        diskio.o
    0x0800a2fc   0x0800a2fc   0x0000001c   Code   RO         6690    i.disk_read         diskio.o
    0x0800a318   0x0800a318   0x00000018   Code   RO         6691    i.disk_status       diskio.o
    0x0800a330   0x0800a330   0x0000001c   Code   RO         6692    i.disk_write        diskio.o
    0x0800a34c   0x0800a34c   0x00000028   Code   RO         6762    i.f_close           ff.o
    0x0800a374   0x0800a374   0x00000118   Code   RO         6764    i.f_getfree         ff.o
    0x0800a48c   0x0800a48c   0x0000030e   Code   RO         6766    i.f_lseek           ff.o
    0x0800a79a   0x0800a79a   0x00000002   PAD
    0x0800a79c   0x0800a79c   0x00000058   Code   RO         6769    i.f_mount           ff.o
    0x0800a7f4   0x0800a7f4   0x0000033c   Code   RO         6770    i.f_open            ff.o
    0x0800ab30   0x0800ab30   0x00000156   Code   RO         6779    i.f_sync            ff.o
    0x0800ac86   0x0800ac86   0x000001c8   Code   RO         6782    i.f_write           ff.o
    0x0800ae4e   0x0800ae4e   0x00000002   PAD
    0x0800ae50   0x0800ae50   0x0000004c   Code   RO         7227    i.ff_convert        cc936.o
    0x0800ae9c   0x0800ae9c   0x00000080   Code   RO         7228    i.ff_wtoupper       cc936.o
    0x0800af1c   0x0800af1c   0x0000002e   Code   RO         6783    i.fill_first_frag   ff.o
    0x0800af4a   0x0800af4a   0x00000032   Code   RO         6784    i.fill_last_frag    ff.o
    0x0800af7c   0x0800af7c   0x00000090   Code   RO         6785    i.find_bitmap       ff.o
    0x0800b00c   0x0800b00c   0x0000035c   Code   RO         6786    i.find_volume       ff.o
    0x0800b368   0x0800b368   0x00000060   Code   RO         7532    i.finsh_get_prompt  shell.o
    0x0800b3c8   0x0800b3c8   0x00000040   Code   RO         7536    i.finsh_set_prompt_mode  shell.o
    0x0800b408   0x0800b408   0x0000000c   Code   RO         7537    i.finsh_system_function_init  shell.o
    0x0800b414   0x0800b414   0x00000094   Code   RO         7538    i.finsh_system_init  shell.o
    0x0800b4a8   0x0800b4a8   0x0000030c   Code   RO         7540    i.finsh_thread_entry  shell.o
    0x0800b7b4   0x0800b7b4   0x000000b6   Code   RO         6787    i.follow_path       ff.o
    0x0800b86a   0x0800b86a   0x00000002   PAD
    0x0800b86c   0x0800b86c   0x00000018   Code   RO          642    i.fputc             usart.o
    0x0800b884   0x0800b884   0x0000008c   Code   RO         6788    i.gen_numname       ff.o
    0x0800b910   0x0800b910   0x0000012c   Code   RO         6789    i.get_fat           ff.o
    0x0800ba3c   0x0800ba3c   0x00000004   Code   RO         6651    i.get_fattime       fatfs.o
    0x0800ba40   0x0800ba40   0x0000003c   Code   RO         6791    i.get_ldnumber      ff.o
    0x0800ba7c   0x0800ba7c   0x00000078   Code   RO         7737    i.hard_fault_track  cpuport.o
    0x0800baf4   0x0800baf4   0x00000040   Code   RO          326    i.hdas_test_thread_init  hdas_thread.o
    0x0800bb34   0x0800bb34   0x00000108   Code   RO          327    i.hdas_thread_init  hdas_thread.o
    0x0800bc3c   0x0800bc3c   0x00000020   Code   RO         7327    i.hello             cmd.o
    0x0800bc5c   0x0800bc5c   0x00000080   Code   RO         6793    i.inc_lock          ff.o
    0x0800bcdc   0x0800bcdc   0x00000170   Code   RO          328    i.key1_thread_entry  hdas_thread.o
    0x0800be4c   0x0800be4c   0x000000f4   Code   RO          329    i.key2_thread_entry  hdas_thread.o
    0x0800bf40   0x0800bf40   0x00000026   Code   RO         6794    i.ld_clust          ff.o
    0x0800bf66   0x0800bf66   0x00000016   Code   RO         6795    i.ld_dword          ff.o
    0x0800bf7c   0x0800bf7c   0x00000056   Code   RO         6796    i.ld_qword          ff.o
    0x0800bfd2   0x0800bfd2   0x0000000a   Code   RO         6797    i.ld_word           ff.o
    0x0800bfdc   0x0800bfdc   0x00000020   Code   RO          330    i.led1_thread_entry  hdas_thread.o
    0x0800bffc   0x0800bffc   0x00000064   Code   RO         7328    i.list              cmd.o
    0x0800c060   0x0800c060   0x00000024   Code   RO         7329    i.list_find_init    cmd.o
    0x0800c084   0x0800c084   0x0000006a   Code   RO         7330    i.list_get_next     cmd.o
    0x0800c0ee   0x0800c0ee   0x00000002   PAD
    0x0800c0f0   0x0800c0f0   0x00000140   Code   RO         7331    i.list_mailbox      cmd.o
    0x0800c230   0x0800c230   0x0000006c   Code   RO         8264    i.list_mem          mem.o
    0x0800c29c   0x0800c29c   0x0000012c   Code   RO         7332    i.list_msgqueue     cmd.o
    0x0800c3c8   0x0800c3c8   0x00000120   Code   RO         7333    i.list_sem          cmd.o
    0x0800c4e8   0x0800c4e8   0x000001b8   Code   RO         7334    i.list_thread       cmd.o
    0x0800c6a0   0x0800c6a0   0x00000140   Code   RO         7335    i.list_timer        cmd.o
    0x0800c7e0   0x0800c7e0   0x00000038   Code   RO         6798    i.load_obj_dir      ff.o
    0x0800c818   0x0800c818   0x000000c8   Code   RO         6799    i.load_xdir         ff.o
    0x0800c8e0   0x0800c8e0   0x00000074   Code   RO           19    i.main              main.o
    0x0800c954   0x0800c954   0x0000000e   Code   RO         7660    i.main_thread_entry  components.o
    0x0800c962   0x0800c962   0x00000018   Code   RO         6800    i.mem_cmp           ff.o
    0x0800c97a   0x0800c97a   0x00000012   Code   RO         6801    i.mem_cpy           ff.o
    0x0800c98c   0x0800c98c   0x000000d8   Code   RO         7738    i.mem_manage_fault_track  cpuport.o
    0x0800ca64   0x0800ca64   0x0000000c   Code   RO         6802    i.mem_set           ff.o
    0x0800ca70   0x0800ca70   0x00000032   Code   RO         6803    i.move_window       ff.o
    0x0800caa2   0x0800caa2   0x00000002   PAD
    0x0800caa4   0x0800caa4   0x000000ac   Code   RO         7466    i.msh_auto_complete  msh.o
    0x0800cb50   0x0800cb50   0x00000064   Code   RO         7467    i.msh_exec          msh.o
    0x0800cbb4   0x0800cbb4   0x00000078   Code   RO         7468    i.msh_help          msh.o
    0x0800cc2c   0x0800cc2c   0x00000004   Code   RO         7469    i.msh_is_used       msh.o
    0x0800cc30   0x0800cc30   0x000000d0   Code   RO         7470    i.msh_split         msh.o
    0x0800cd00   0x0800cd00   0x00000018   Code   RO         7336    i.object_split      cmd.o
    0x0800cd18   0x0800cd18   0x00000070   Code   RO         6804    i.pick_lfn          ff.o
    0x0800cd88   0x0800cd88   0x000000e8   Code   RO         8265    i.plug_holes        mem.o
    0x0800ce70   0x0800ce70   0x0000012c   Code   RO         8077    i.print_number      kservice.o
    0x0800cf9c   0x0800cf9c   0x000000f6   Code   RO         6805    i.put_fat           ff.o
    0x0800d092   0x0800d092   0x000000ec   Code   RO         6808    i.remove_chain      ff.o
    0x0800d17e   0x0800d17e   0x00000002   PAD
    0x0800d180   0x0800d180   0x00000050   Code   RO         7661    i.rt_application_init  components.o
    0x0800d1d0   0x0800d1d0   0x0000006c   Code   RO         8078    i.rt_assert_handler  kservice.o
    0x0800d23c   0x0800d23c   0x0000001a   Code   RO         8266    i.rt_calloc         mem.o
    0x0800d256   0x0800d256   0x00000002   PAD
    0x0800d258   0x0800d258   0x00000048   Code   RO         7662    i.rt_components_board_init  components.o
    0x0800d2a0   0x0800d2a0   0x00000070   Code   RO         7663    i.rt_components_init  components.o
    0x0800d310   0x0800d310   0x0000001c   Code   RO         8447    i.rt_enter_critical  scheduler.o
    0x0800d32c   0x0800d32c   0x00000038   Code   RO         8448    i.rt_exit_critical  scheduler.o
    0x0800d364   0x0800d364   0x000001cc   Code   RO         8267    i.rt_free           mem.o
    0x0800d530   0x0800d530   0x00000008   Code   RO         7284    i.rt_heap_begin_get  board.o
    0x0800d538   0x0800d538   0x00000008   Code   RO         7285    i.rt_heap_end_get   board.o
    0x0800d540   0x0800d540   0x0000005c   Code   RO         7286    i.rt_hw_board_init  board.o
    0x0800d59c   0x0800d59c   0x00000038   Code   RO          643    i.rt_hw_console_getchar  usart.o
    0x0800d5d4   0x0800d5d4   0x00000040   Code   RO          644    i.rt_hw_console_output  usart.o
    0x0800d614   0x0800d614   0x00000218   Code   RO         7742    i.rt_hw_hard_fault_exception  cpuport.o
    0x0800d82c   0x0800d82c   0x0000003c   Code   RO         7743    i.rt_hw_stack_init  cpuport.o
    0x0800d868   0x0800d868   0x00000024   Code   RO         8036    i.rt_interrupt_enter  irq.o
    0x0800d88c   0x0800d88c   0x0000000c   Code   RO         8038    i.rt_interrupt_get_nest  irq.o
    0x0800d898   0x0800d898   0x00000024   Code   RO         8039    i.rt_interrupt_leave  irq.o
    0x0800d8bc   0x0800d8bc   0x0000000e   Code   RO         7852    i.rt_ipc_list_resume  ipc.o
    0x0800d8ca   0x0800d8ca   0x0000002e   Code   RO         7853    i.rt_ipc_list_resume_all  ipc.o
    0x0800d8f8   0x0800d8f8   0x00000050   Code   RO         7854    i.rt_ipc_list_suspend  ipc.o
    0x0800d948   0x0800d948   0x00000020   Code   RO         8083    i.rt_kprintf        kservice.o
    0x0800d968   0x0800d968   0x0000000e   Code   RO         8338    i.rt_list_insert_after  object.o
    0x0800d976   0x0800d976   0x0000000e   Code   RO         8520    i.rt_list_insert_after  thread.o
    0x0800d984   0x0800d984   0x0000000e   Code   RO         8663    i.rt_list_insert_after  timer.o
    0x0800d992   0x0800d992   0x0000000e   Code   RO         7855    i.rt_list_insert_before  ipc.o
    0x0800d9a0   0x0800d9a0   0x0000000e   Code   RO         7337    i.rt_list_isempty   cmd.o
    0x0800d9ae   0x0800d9ae   0x0000000e   Code   RO         7856    i.rt_list_isempty   ipc.o
    0x0800d9bc   0x0800d9bc   0x0000000e   Code   RO         8664    i.rt_list_isempty   timer.o
    0x0800d9ca   0x0800d9ca   0x00000012   Code   RO         7338    i.rt_list_len       cmd.o
    0x0800d9dc   0x0800d9dc   0x00000012   Code   RO         8339    i.rt_list_remove    object.o
    0x0800d9ee   0x0800d9ee   0x00000012   Code   RO         8521    i.rt_list_remove    thread.o
    0x0800da00   0x0800da00   0x000001fc   Code   RO         8269    i.rt_malloc         mem.o
    0x0800dbfc   0x0800dbfc   0x0000002e   Code   RO         8088    i.rt_memmove        kservice.o
    0x0800dc2a   0x0800dc2a   0x00000042   Code   RO         8089    i.rt_memset         kservice.o
    0x0800dc6c   0x0800dc6c   0x000000d8   Code   RO         8340    i.rt_object_allocate  object.o
    0x0800dd44   0x0800dd44   0x00000098   Code   RO         8342    i.rt_object_delete  object.o
    0x0800dddc   0x0800dddc   0x00000054   Code   RO         8343    i.rt_object_detach  object.o
    0x0800de30   0x0800de30   0x00000024   Code   RO         8346    i.rt_object_get_information  object.o
    0x0800de54   0x0800de54   0x00000034   Code   RO         8347    i.rt_object_get_type  object.o
    0x0800de88   0x0800de88   0x000000ac   Code   RO         8348    i.rt_object_init    object.o
    0x0800df34   0x0800df34   0x00000038   Code   RO         8349    i.rt_object_is_systemobject  object.o
    0x0800df6c   0x0800df6c   0x0000006c   Code   RO         8449    i.rt_schedule       scheduler.o
    0x0800dfd8   0x0800dfd8   0x00000074   Code   RO         8450    i.rt_schedule_insert_thread  scheduler.o
    0x0800e04c   0x0800e04c   0x00000070   Code   RO         8451    i.rt_schedule_remove_thread  scheduler.o
    0x0800e0bc   0x0800e0bc   0x0000006c   Code   RO         7873    i.rt_sem_control    ipc.o
    0x0800e128   0x0800e128   0x0000006c   Code   RO         7877    i.rt_sem_init       ipc.o
    0x0800e194   0x0800e194   0x00000088   Code   RO         7878    i.rt_sem_release    ipc.o
    0x0800e21c   0x0800e21c   0x0000017c   Code   RO         7879    i.rt_sem_take       ipc.o
    0x0800e398   0x0800e398   0x000000b0   Code   RO         8091    i.rt_show_version   kservice.o
    0x0800e448   0x0800e448   0x00000010   Code   RO         8097    i.rt_strlen         kservice.o
    0x0800e458   0x0800e458   0x00000026   Code   RO         8099    i.rt_strncpy        kservice.o
    0x0800e47e   0x0800e47e   0x00000002   PAD
    0x0800e480   0x0800e480   0x00000108   Code   RO         8273    i.rt_system_heap_init  mem.o
    0x0800e588   0x0800e588   0x00000034   Code   RO         8453    i.rt_system_scheduler_init  scheduler.o
    0x0800e5bc   0x0800e5bc   0x00000028   Code   RO         8454    i.rt_system_scheduler_start  scheduler.o
    0x0800e5e4   0x0800e5e4   0x00000018   Code   RO         8665    i.rt_system_timer_init  timer.o
    0x0800e5fc   0x0800e5fc   0x00000002   Code   RO         8666    i.rt_system_timer_thread_init  timer.o
    0x0800e5fe   0x0800e5fe   0x00000048   Code   RO         8523    i.rt_thread_create  thread.o
    0x0800e646   0x0800e646   0x00000002   PAD
    0x0800e648   0x0800e648   0x00000058   Code   RO         8527    i.rt_thread_exit    thread.o
    0x0800e6a0   0x0800e6a0   0x0000001c   Code   RO         7801    i.rt_thread_idle_entry  idle.o
    0x0800e6bc   0x0800e6bc   0x000000cc   Code   RO         7802    i.rt_thread_idle_excute  idle.o
    0x0800e788   0x0800e788   0x00000038   Code   RO         7804    i.rt_thread_idle_init  idle.o
    0x0800e7c0   0x0800e7c0   0x00000080   Code   RO         8529    i.rt_thread_init    thread.o
    0x0800e840   0x0800e840   0x0000000e   Code   RO         8531    i.rt_thread_mdelay  thread.o
    0x0800e84e   0x0800e84e   0x00000002   PAD
    0x0800e850   0x0800e850   0x0000008c   Code   RO         8532    i.rt_thread_resume  thread.o
    0x0800e8dc   0x0800e8dc   0x0000000c   Code   RO         8534    i.rt_thread_self    thread.o
    0x0800e8e8   0x0800e8e8   0x00000080   Code   RO         8535    i.rt_thread_sleep   thread.o
    0x0800e968   0x0800e968   0x000000bc   Code   RO         8536    i.rt_thread_startup  thread.o
    0x0800ea24   0x0800ea24   0x00000090   Code   RO         8537    i.rt_thread_suspend  thread.o
    0x0800eab4   0x0800eab4   0x000000b4   Code   RO         8539    i.rt_thread_timeout  thread.o
    0x0800eb68   0x0800eb68   0x00000060   Code   RO         8540    i.rt_thread_yield   thread.o
    0x0800ebc8   0x0800ebc8   0x00000032   Code   RO         7622    i.rt_tick_from_millisecond  clock.o
    0x0800ebfa   0x0800ebfa   0x00000002   PAD
    0x0800ebfc   0x0800ebfc   0x0000000c   Code   RO         7623    i.rt_tick_get       clock.o
    0x0800ec08   0x0800ec08   0x0000002c   Code   RO         7624    i.rt_tick_increase  clock.o
    0x0800ec34   0x0800ec34   0x00000084   Code   RO         8667    i.rt_timer_check    timer.o
    0x0800ecb8   0x0800ecb8   0x000000b0   Code   RO         8668    i.rt_timer_control  timer.o
    0x0800ed68   0x0800ed68   0x000000d4   Code   RO         8671    i.rt_timer_detach   timer.o
    0x0800ee3c   0x0800ee3c   0x00000050   Code   RO         8674    i.rt_timer_init     timer.o
    0x0800ee8c   0x0800ee8c   0x0000015c   Code   RO         8676    i.rt_timer_start    timer.o
    0x0800efe8   0x0800efe8   0x000000b4   Code   RO         8677    i.rt_timer_stop     timer.o
    0x0800f09c   0x0800f09c   0x00000264   Code   RO         8102    i.rt_vsnprintf      kservice.o
    0x0800f300   0x0800f300   0x00000004   Code   RO         7664    i.rti_board_end     components.o
    0x0800f304   0x0800f304   0x00000004   Code   RO         7665    i.rti_board_start   components.o
    0x0800f308   0x0800f308   0x00000004   Code   RO         7666    i.rti_end           components.o
    0x0800f30c   0x0800f30c   0x00000004   Code   RO         7667    i.rti_start         components.o
    0x0800f310   0x0800f310   0x0000002a   Code   RO         7668    i.rtthread_startup  components.o
    0x0800f33a   0x0800f33a   0x00000002   PAD
    0x0800f33c   0x0800f33c   0x0000002c   Code   RO         7541    i.shell_handle_history  shell.o
    0x0800f368   0x0800f368   0x000000b0   Code   RO         7542    i.shell_push_history  shell.o
    0x0800f418   0x0800f418   0x00000030   Code   RO         7339    i.show_wait_queue   cmd.o
    0x0800f448   0x0800f448   0x00000028   Code   RO         8104    i.skip_atoi         kservice.o
    0x0800f470   0x0800f470   0x00000498   Code   RO          488    i.sprintf_data_to_buf  sdmmc_fatfs.o
    0x0800f908   0x0800f908   0x00000028   Code   RO         6809    i.st_clust          ff.o
    0x0800f930   0x0800f930   0x00000010   Code   RO         6810    i.st_dword          ff.o
    0x0800f940   0x0800f940   0x0000004a   Code   RO         6811    i.st_qword          ff.o
    0x0800f98a   0x0800f98a   0x00000008   Code   RO         6812    i.st_word           ff.o
    0x0800f992   0x0800f992   0x00000002   PAD
    0x0800f994   0x0800f994   0x00000174   Code   RO          331    i.start_sampling    hdas_thread.o
    0x0800fb08   0x0800fb08   0x000000e4   Code   RO          332    i.stop_sampling     hdas_thread.o
    0x0800fbec   0x0800fbec   0x00000180   Code   RO          333    i.storage_thread_entry  hdas_thread.o
    0x0800fd6c   0x0800fd6c   0x0000006a   Code   RO         6813    i.store_xdir        ff.o
    0x0800fdd6   0x0800fdd6   0x0000001a   Code   RO         6814    i.sum_sfn           ff.o
    0x0800fdf0   0x0800fdf0   0x00000088   Code   RO         6815    i.sync_fs           ff.o
    0x0800fe78   0x0800fe78   0x00000052   Code   RO         6816    i.sync_window       ff.o
    0x0800feca   0x0800feca   0x00000002   PAD
    0x0800fecc   0x0800fecc   0x00000230   Code   RO          334    i.test_thread_entry  hdas_thread.o
    0x080100fc   0x080100fc   0x000000d0   Code   RO         7744    i.usage_fault_track  cpuport.o
    0x080101cc   0x080101cc   0x00000034   Code   RO         6817    i.validate          ff.o
    0x08010200   0x08010200   0x0000000a   Code   RO         7340    i.version           cmd.o
    0x0801020a   0x0801020a   0x00000034   Code   RO         6818    i.xdir_sum          ff.o
    0x0801023e   0x0801023e   0x0000003c   Code   RO         6819    i.xname_sum         ff.o
    0x0801027a   0x0801027a   0x00000002   PAD
    0x0801027c   0x0801027c   0x00000010   Data   RO          492    .constdata          sdmmc_fatfs.o
    0x0801028c   0x0801028c   0x00000008   Data   RO         2239    .constdata          stm32h7xx_hal_dma.o
    0x08010294   0x08010294   0x00000018   Data   RO         5673    .constdata          stm32h7xx_hal_uart.o
    0x080102ac   0x080102ac   0x00000010   Data   RO         6038    .constdata          stm32h7xx_hal_uart_ex.o
    0x080102bc   0x080102bc   0x00000010   Data   RO         6423    .constdata          system_stm32h7xx.o
    0x080102cc   0x080102cc   0x00000014   Data   RO         6582    .constdata          sd_diskio.o
    0x080102e0   0x080102e0   0x0000002a   Data   RO         6822    .constdata          ff.o
    0x0801030a   0x0801030a   0x0002abb6   Data   RO         7229    .constdata          cc936.o
    0x0803aec0   0x0803aec0   0x0000000e   Data   RO         7471    .constdata          msh.o
    0x0803aece   0x0803aece   0x00000012   Data   RO         7544    .constdata          shell.o
    0x0803aee0   0x0803aee0   0x0000004a   Data   RO         7545    .constdata          shell.o
    0x0803af2a   0x0803af2a   0x0000000a   Data   RO         7669    .constdata          components.o
    0x0803af34   0x0803af34   0x00000010   Data   RO         7670    .constdata          components.o
    0x0803af44   0x0803af44   0x0000000e   Data   RO         7671    .constdata          components.o
    0x0803af52   0x0803af52   0x00000008   Data   RO         7672    .constdata          components.o
    0x0803af5a   0x0803af5a   0x00000014   Data   RO         7673    .constdata          components.o
    0x0803af6e   0x0803af6e   0x00000016   Data   RO         7807    .constdata          idle.o
    0x0803af84   0x0803af84   0x0000011e   Data   RO         7881    .constdata          ipc.o
    0x0803b0a2   0x0803b0a2   0x00000122   Data   RO         8106    .constdata          kservice.o
    0x0803b1c4   0x0803b1c4   0x0000003c   Data   RO         8275    .constdata          mem.o
    0x0803b200   0x0803b200   0x00000080   Data   RO         8354    .constdata          object.o
    0x0803b280   0x0803b280   0x0000004e   Data   RO         8456    .constdata          scheduler.o
    0x0803b2ce   0x0803b2ce   0x000000b9   Data   RO         8541    .constdata          thread.o
    0x0803b387   0x0803b387   0x0000005c   Data   RO         8678    .constdata          timer.o
    0x0803b3e3   0x0803b3e3   0x00000001   PAD
    0x0803b3e4   0x0803b3e4   0x0000006c   Data   RO          336    .conststring        hdas_thread.o
    0x0803b450   0x0803b450   0x00000044   Data   RO         7341    .conststring        cmd.o
    0x0803b494   0x0803b494   0x00000045   Data   RO         7882    .conststring        ipc.o
    0x0803b4d9   0x0803b4d9   0x00000003   PAD
    0x0803b4dc   0x0803b4dc   0x000000ed   Data   RO         8276    .conststring        mem.o
    0x0803b5c9   0x0803b5c9   0x00000003   PAD
    0x0803b5cc   0x0803b5cc   0x00000042   Data   RO         8542    .conststring        thread.o
    0x0803b60e   0x0803b60e   0x00000015   Data   RO          339    .rodata.name        hdas_thread.o
    0x0803b623   0x0803b623   0x00000014   Data   RO          340    .rodata.name        hdas_thread.o
    0x0803b637   0x0803b637   0x00000014   Data   RO          341    .rodata.name        hdas_thread.o
    0x0803b64b   0x0803b64b   0x00000013   Data   RO          342    .rodata.name        hdas_thread.o
    0x0803b65e   0x0803b65e   0x00000006   Data   RO         7342    .rodata.name        cmd.o
    0x0803b664   0x0803b664   0x00000010   Data   RO         7343    .rodata.name        cmd.o
    0x0803b674   0x0803b674   0x00000008   Data   RO         7344    .rodata.name        cmd.o
    0x0803b67c   0x0803b67c   0x00000023   Data   RO         7345    .rodata.name        cmd.o
    0x0803b69f   0x0803b69f   0x0000000e   Data   RO         7346    .rodata.name        cmd.o
    0x0803b6ad   0x0803b6ad   0x00000023   Data   RO         7347    .rodata.name        cmd.o
    0x0803b6d0   0x0803b6d0   0x0000000c   Data   RO         7348    .rodata.name        cmd.o
    0x0803b6dc   0x0803b6dc   0x0000000c   Data   RO         7349    .rodata.name        cmd.o
    0x0803b6e8   0x0803b6e8   0x00000012   Data   RO         7350    .rodata.name        cmd.o
    0x0803b6fa   0x0803b6fa   0x0000000c   Data   RO         7351    .rodata.name        cmd.o
    0x0803b706   0x0803b706   0x00000009   Data   RO         7352    .rodata.name        cmd.o
    0x0803b70f   0x0803b70f   0x00000019   Data   RO         7353    .rodata.name        cmd.o
    0x0803b728   0x0803b728   0x0000000f   Data   RO         7354    .rodata.name        cmd.o
    0x0803b737   0x0803b737   0x00000019   Data   RO         7355    .rodata.name        cmd.o
    0x0803b750   0x0803b750   0x0000000d   Data   RO         7356    .rodata.name        cmd.o
    0x0803b75d   0x0803b75d   0x00000018   Data   RO         7357    .rodata.name        cmd.o
    0x0803b775   0x0803b775   0x00000013   Data   RO         7358    .rodata.name        cmd.o
    0x0803b788   0x0803b788   0x00000018   Data   RO         7359    .rodata.name        cmd.o
    0x0803b7a0   0x0803b7a0   0x0000000e   Data   RO         7360    .rodata.name        cmd.o
    0x0803b7ae   0x0803b7ae   0x0000001d   Data   RO         7361    .rodata.name        cmd.o
    0x0803b7cb   0x0803b7cb   0x00000014   Data   RO         7362    .rodata.name        cmd.o
    0x0803b7df   0x0803b7df   0x0000001d   Data   RO         7363    .rodata.name        cmd.o
    0x0803b7fc   0x0803b7fc   0x0000000b   Data   RO         7364    .rodata.name        cmd.o
    0x0803b807   0x0803b807   0x00000015   Data   RO         7365    .rodata.name        cmd.o
    0x0803b81c   0x0803b81c   0x00000011   Data   RO         7366    .rodata.name        cmd.o
    0x0803b82d   0x0803b82d   0x00000015   Data   RO         7367    .rodata.name        cmd.o
    0x0803b842   0x0803b842   0x00000005   Data   RO         7368    .rodata.name        cmd.o
    0x0803b847   0x0803b847   0x0000001a   Data   RO         7369    .rodata.name        cmd.o
    0x0803b861   0x0803b861   0x0000000b   Data   RO         7472    .rodata.name        msh.o
    0x0803b86c   0x0803b86c   0x00000016   Data   RO         7473    .rodata.name        msh.o
    0x0803b882   0x0803b882   0x00000009   Data   RO         7474    .rodata.name        msh.o
    0x0803b88b   0x0803b88b   0x0000001c   Data   RO         7475    .rodata.name        msh.o
    0x0803b8a7   0x0803b8a7   0x0000000b   Data   RO         7476    .rodata.name        msh.o
    0x0803b8b2   0x0803b8b2   0x00000025   Data   RO         7477    .rodata.name        msh.o
    0x0803b8d7   0x0803b8d7   0x00000009   Data   RO         8278    .rodata.name        mem.o
    0x0803b8e0   0x0803b8e0   0x0000001e   Data   RO         8279    .rodata.name        mem.o
    0x0803b8fe   0x0803b8fe   0x00000002   PAD
    0x0803b900   0x0803b900   0x00000008   Data   RO         7674    .rti_fn.0           components.o
    0x0803b908   0x0803b908   0x00000008   Data   RO         7675    .rti_fn.0.end       components.o
    0x0803b910   0x0803b910   0x00000008   Data   RO         7676    .rti_fn.1.end       components.o
    0x0803b918   0x0803b918   0x00000008   Data   RO         7547    .rti_fn.6           shell.o
    0x0803b920   0x0803b920   0x00000008   Data   RO         7677    .rti_fn.6.end       components.o
    0x0803b928   0x0803b928   0x00000018   Data   RO          343    FSymTab             hdas_thread.o
    0x0803b940   0x0803b940   0x000000a8   Data   RO         7370    FSymTab             cmd.o
    0x0803b9e8   0x0803b9e8   0x00000024   Data   RO         7478    FSymTab             msh.o
    0x0803ba0c   0x0803ba0c   0x0000000c   Data   RO         8280    FSymTab             mem.o
    0x0803ba18   0x0803ba18   0x00000020   Data   RO         9094    Region$$Table       anon$$obj.o


    Execution Region RW_IRAM1 (Exec base: 0x20000000, Load base: 0x0803ba38, Size: 0x00000000, Max: 0x00020000, ABSOLUTE)

    **** No section assigned to this execution region ****


    Execution Region RW_IRAM2 (Exec base: 0x24000000, Load base: 0x0803ba38, Size: 0x0003e4f0, Max: 0x00080000, ABSOLUTE, COMPRESSED[0x00000564])

    Exec Addr    Load Addr    Size         Type   Attr      Idx    E Section Name        Object

    0x24000000   COMPRESSED   0x00029000   Data   RW          490    .RAM_D1             sdmmc_fatfs.o
    0x24029000   COMPRESSED   0x00000001   Data   RW           22    .data               main.o
    0x24029001   COMPRESSED   0x00000003   PAD
    0x24029004   COMPRESSED   0x00000004   Data   RW           23    .data               main.o
    0x24029008   COMPRESSED   0x00000002   Data   RW          338    .data               hdas_thread.o
    0x2402900a   COMPRESSED   0x00000002   PAD
    0x2402900c   COMPRESSED   0x00000004   Data   RW          493    .data               sdmmc_fatfs.o
    0x24029010   COMPRESSED   0x00000004   Data   RW          593    .data               sdmmc.o
    0x24029014   COMPRESSED   0x00000001   Data   RW          647    .data               usart.o
    0x24029015   COMPRESSED   0x00000003   PAD
    0x24029018   COMPRESSED   0x00000008   Data   RW          947    .data               fmc.o
    0x24029020   COMPRESSED   0x0000000c   Data   RW         3118    .data               stm32h7xx_hal.o
    0x2402902c   COMPRESSED   0x00000008   Data   RW         6424    .data               system_stm32h7xx.o
    0x24029034   COMPRESSED   0x0000000c   Data   RW         6583    .data               sd_diskio.o
    0x24029040   COMPRESSED   0x00000005   Data   RW         6654    .data               fatfs.o
    0x24029045   COMPRESSED   0x00000003   PAD
    0x24029048   COMPRESSED   0x00000008   Data   RW         6823    .data               ff.o
    0x24029050   COMPRESSED   0x00000018   Data   RW         7546    .data               shell.o
    0x24029068   COMPRESSED   0x00000004   Data   RW         7626    .data               clock.o
    0x2402906c   COMPRESSED   0x00000004   Data   RW         7746    .data               cpuport.o
    0x24029070   COMPRESSED   0x00000004   Data   RW         7747    .data               cpuport.o
    0x24029074   COMPRESSED   0x00000004   Data   RW         7748    .data               cpuport.o
    0x24029078   COMPRESSED   0x00000004   Data   RW         7749    .data               cpuport.o
    0x2402907c   COMPRESSED   0x0000000c   Data   RW         8041    .data               irq.o
    0x24029088   COMPRESSED   0x00000008   Data   RW         8107    .data               kservice.o
    0x24029090   COMPRESSED   0x00000020   Data   RW         8277    .data               mem.o
    0x240290b0   COMPRESSED   0x00000064   Data   RW         8355    .data               object.o
    0x24029114   COMPRESSED   0x00000018   Data   RW         8457    .data               scheduler.o
    0x2402912c   COMPRESSED   0x0000000c   Data   RW         8543    .data               thread.o
    0x24029138   COMPRESSED   0x00000014   Data   RW         8679    .data               timer.o
    0x2402914c   COMPRESSED   0x00000004   Data   RW         9070    .data               mc_w.l(stdout.o)
    0x24029150        -       0x0000004c   Zero   RW           20    .bss                main.o
    0x2402919c        -       0x0000001a   Zero   RW           21    .bss                main.o
    0x240291b6   COMPRESSED   0x00000002   PAD
    0x240291b8        -       0x000026d0   Zero   RW          335    .bss                hdas_thread.o
    0x2402b888        -       0x000004d0   Zero   RW          491    .bss                sdmmc_fatfs.o
    0x2402bd58        -       0x00000080   Zero   RW          592    .bss                sdmmc.o
    0x2402bdd8        -       0x00000118   Zero   RW          645    .bss                usart.o
    0x2402bef0        -       0x0000004c   Zero   RW          946    .bss                fmc.o
    0x2402bf3c        -       0x00010000   Zero   RW          998    .bss                fmc_tim_ad7606.o
    0x2403bf3c        -       0x000000c4   Zero   RW         1064    .bss                tim.o
    0x2403c000        -       0x00000020   Zero   RW         6821    .bss                ff.o
    0x2403c020        -       0x0000000c   Zero   RW         7181    .bss                ff_gen_drv.o
    0x2403c02c        -       0x00001000   Zero   RW         7287    .bss                board.o
    0x2403d02c        -       0x00000101   Zero   RW         7543    .bss                shell.o
    0x2403d12d   COMPRESSED   0x00000003   PAD
    0x2403d130        -       0x00000198   Zero   RW         7806    .bss                idle.o
    0x2403d2c8        -       0x00000100   Zero   RW         8105    .bss                kservice.o
    0x2403d3c8        -       0x00000028   Zero   RW         8274    .bss                mem.o
    0x2403d3f0        -       0x00000100   Zero   RW         8455    .bss                scheduler.o
    0x2403d4f0        -       0x00001000   Zero   RW            1    STACK               startup_stm32h743xx.o


==============================================================================

Image component sizes


      Code (inc. data)   RO Data    RW Data    ZI Data      Debug   Object Name

       126         18          0          0       4096       3083   board.o
       170         22          0          0          0       5261   bsp_driver_sd.o
       204         26     175030          0          0       3215   cc936.o
       106         12          0          4          0       1888   clock.o
      2056        766        751          0          0      16901   cmd.o
       346        138        100          0          0       6596   components.o
       308         26          0          0          0        800   context_rvds.o
      1372        734          0         16          0       6470   cpuport.o
       148         24          0          0          0       3861   diskio.o
        44          4          0          0          0        866   dma.o
        32         10          0          5          0       1616   fatfs.o
      9726        116         42          8         32      63203   ff.o
        70          6          0          0         12       1639   ff_gen_drv.o
       248         32          0          8         76       2330   fmc.o
       218         50          0          0      65536       4797   fmc_tim_ad7606.o
       660         38          0          0          0       1467   gpio.o
      2516       1192        212          2       9936       7944   hdas_thread.o
       308         76         22          0        408       5954   idle.o
       900        226        355          0          0      24178   ipc.o
        84         14          0         12          0       2302   irq.o
      1502        220        290          8        256      12164   kservice.o
       574        266          0          5        102    1342138   main.o
      1598        684        348         32         40       7044   mem.o
       832        178        168          0          0       8724   msh.o
       800        280        128        100          0      10762   object.o
       704        218         78         24        256       9190   scheduler.o
       444         34         20         12          0       6785   sd_diskio.o
       960        418          0          4        128       2858   sdmmc.o
      2060        394         16     167940       1232       4416   sdmmc_fatfs.o
      1320        170        100         24        257      12158   shell.o
        36          8        664          0       4096        836   startup_stm32h743xx.o
       208         34          0         12          0      22922   stm32h7xx_hal.o
       198         14          0          0          0      39523   stm32h7xx_hal_cortex.o
      6570        164          8          0          0      13610   stm32h7xx_hal_dma.o
       526         48          0          0          0       5240   stm32h7xx_hal_gpio.o
        28          6          0          0          0        906   stm32h7xx_hal_msp.o
        80          4          0          0          0        793   stm32h7xx_hal_pwr_ex.o
      2338        124          0          0          0       7260   stm32h7xx_hal_rcc.o
      4440        178          0          0          0      10519   stm32h7xx_hal_rcc_ex.o
      3542         68          0          0          0      20800   stm32h7xx_hal_sd.o
       108          6          0          0          0       1348   stm32h7xx_hal_sram.o
      2628        236          0          0          0      20270   stm32h7xx_hal_tim.o
       166         26          0          0          0       3364   stm32h7xx_hal_tim_ex.o
      3682        168         24          0          0      35745   stm32h7xx_hal_uart.o
       288          6         16          0          0       5574   stm32h7xx_hal_uart_ex.o
        76         22          0          0          0       4721   stm32h7xx_it.o
       300         14          0          0          0       3908   stm32h7xx_ll_fmc.o
      1818         68          0          0          0      25259   stm32h7xx_ll_sdmmc.o
       228         40         16          8          0       1486   system_stm32h7xx.o
      1414        400        251         12          0      16048   thread.o
       564         56          0          0        196       4009   tim.o
      1252        468         92         20          0      12299   timer.o
       496         68          0          1        280       5908   usart.o

    ----------------------------------------------------------------------
     61510       8618     178772     168268      86944    1842958   Object Totals
         0          0         32          0          0          0   (incl. Generated)
        88          0          9         11          5          0   (incl. Padding)

    ----------------------------------------------------------------------

      Code (inc. data)   RO Data    RW Data    ZI Data      Debug   Library Member Name

        86          0          0          0          0          0   __dczerorl2.o
         0          0          0          0          0          0   entry.o
         0          0          0          0          0          0   entry10a.o
         0          0          0          0          0          0   entry11a.o
         8          4          0          0          0          0   entry2.o
         4          0          0          0          0          0   entry5.o
         0          0          0          0          0          0   entry7b.o
         0          0          0          0          0          0   entry8b.o
         8          4          0          0          0          0   entry9a.o
        30          0          0          0          0          0   handlers.o
        36          8          0          0          0         68   init.o
         0          0          0          0          0          0   iusefp.o
        30          0          0          0          0         68   llshl.o
        36          0          0          0          0         68   llsshr.o
        32          0          0          0          0         68   llushr.o
        26          0          0          0          0         80   memcmp.o
        36          0          0          0          0         68   memcpya.o
        36          0          0          0          0        108   memseta.o
      2308         96          0          0          0        604   printfa.o
         0          0          0          4          0          0   stdout.o
        24          0          0          0          0         68   strcat.o
        18          0          0          0          0         68   strcpy.o
        14          0          0          0          0         68   strlen.o
        30          0          0          0          0         80   strncmp.o
        24          0          0          0          0         76   strncpy.o
        44          0          0          0          0         80   uidiv.o
        98          0          0          0          0         92   uldiv.o
        48          0          0          0          0         68   cdrcmple.o
       334          0          0          0          0        148   dadd.o
       222          0          0          0          0        100   ddiv.o
       186          0          0          0          0        176   depilogue.o
        48          0          0          0          0         68   dfixul.o
       228          0          0          0          0         96   dmul.o

    ----------------------------------------------------------------------
      3998        112          0          4          0       2320   Library Totals
         4          0          0          0          0          0   (incl. Padding)

    ----------------------------------------------------------------------

      Code (inc. data)   RO Data    RW Data    ZI Data      Debug   Library Name

      2928        112          0          4          0       1664   mc_w.l
      1066          0          0          0          0        656   mf_w.l

    ----------------------------------------------------------------------
      3998        112          0          4          0       2320   Library Totals

    ----------------------------------------------------------------------

==============================================================================


      Code (inc. data)   RO Data    RW Data    ZI Data      Debug   

     65508       8730     178772     168272      86944    1802814   Grand Totals
     65508       8730     178772       1380      86944    1802814   ELF Image Totals (compressed)
     65508       8730     178772       1380          0          0   ROM Totals

==============================================================================

    Total RO  Size (Code + RO Data)               244280 ( 238.55kB)
    Total RW  Size (RW Data + ZI Data)            255216 ( 249.23kB)
    Total ROM Size (Code + RO Data + RW Data)     245660 ( 239.90kB)

==============================================================================

