<html>
<body>
<pre>
<h1>µVision Build Log</h1>
<h2>Tool Versions:</h2>
IDE-Version: ¦ÌVision V5.25.2.0
Copyright (C) 2018 ARM Ltd and ARM Germany GmbH. All rights reserved.
License Information: z z, z, LIC=VGXG8-3MFP7-ARUXW-QK7TV-6PJ1V-TEZ1V
 
Tool Versions:
Toolchain:       MDK-ARM Plus  Version: 5.25.2.0
Toolchain Path:  C:\Keil_v5\ARM\ARMCC\Bin
C Compiler:      Armcc.exe V5.06 update 6 (build 750)
Assembler:       Armasm.exe V5.06 update 6 (build 750)
Linker/Locator:  ArmLink.exe V5.06 update 6 (build 750)
Library Manager: ArmAr.exe V5.06 update 6 (build 750)
Hex Converter:   FromElf.exe V5.06 update 6 (build 750)
CPU DLL:         SARMCM3.DLL V5.25.2.0
Dialog DLL:      DCM.DLL V1.17.1.0
Target DLL:      Segger\JL2CM3.dll V2.99.29.0
Dialog DLL:      TCM.DLL V1.35.1.0
 
<h2>Project:</h2>
E:\A3-zhangy\HDAS\HDAS_Embedded\MDK-ARM\HDAS_V1.0.0_Embedded.uvprojx
Project File Date:  08/28/2021

<h2>Output:</h2>
*** Using Compiler 'V5.06 update 6 (build 750)', folder: 'C:\Keil_v5\ARM\ARMCC\Bin'
Build target 'HDAS_V1.0.0_Embedded'
assembling startup_stm32h743xx.s...
compiling adc.c...
compiling hdas_thread.c...
..\Core\Src\hdas_thread.c(312): warning:  #550-D: variable "len"  was set but never used
  					uint32_t len=0;
..\Core\Src\hdas_thread.c(366): warning:  #177-D: variable "work"  was declared but never referenced
  				BYTE work[_MAX_SS];
..\Core\Src\hdas_thread.c(367): warning:  #550-D: variable "len"  was set but never used
  				uint32_t len=0;
..\Core\Src\hdas_thread.c(498): warning:  #177-D: variable "work"  was declared but never referenced
  				BYTE work[_MAX_SS];
..\Core\Src\hdas_thread.c(499): warning:  #550-D: variable "len"  was set but never used
  				uint32_t len=0;
..\Core\Src\hdas_thread.c: 5 warnings, 0 errors
compiling main.c...
../Core/Src/main.c(65): warning:  #177-D: variable "i"  was declared but never referenced
  	uint32_t i=0,j=0;
../Core/Src/main.c(65): warning:  #177-D: variable "j"  was declared but never referenced
  	uint32_t i=0,j=0;
../Core/Src/main.c: 2 warnings, 0 errors
compiling gpio.c...
compiling sdmmc_fatfs.c...
..\Core\Src\sdmmc_fatfs.c(240): warning:  #940-D: missing return statement at end of non-void function "Fatfs_RW_test" 
  }
..\Core\Src\sdmmc_fatfs.c(152): warning:  #550-D: variable "len"  was set but never used
  	uint32_t systick=0,len=0;
..\Core\Src\sdmmc_fatfs.c(153): warning:  #177-D: variable "lrcr"  was declared but never referenced
  	char lrcr[2]="\r\n";
..\Core\Src\sdmmc_fatfs.c(156): warning:  #177-D: variable "work"  was declared but never referenced
  	BYTE work[_MAX_SS];
..\Core\Src\sdmmc_fatfs.c(249): warning:  #177-D: variable "len"  was declared but never referenced
  	uint32_t len=0;
..\Core\Src\sdmmc_fatfs.c(250): warning:  #177-D: variable "tick"  was declared but never referenced
  	uint32_t tick=0;
..\Core\Src\sdmmc_fatfs.c: 6 warnings, 0 errors
compiling sdmmc_test.c...
..\Core\Src\sdmmc_test.c(79): warning:  #188-D: enumerated type mixed with another type
  		test_status = eBuffercmp(Buffer_Block_Rx,BLOCK_SIZE*NUMBER_OF_BLOCKS);
..\Core\Src\sdmmc_test.c(133): warning:  #188-D: enumerated type mixed with another type
  	test_status = Buffercmp(Buffer_Block_Tx, Buffer_Block_Rx, BLOCK_SIZE*NUMBER_OF_BLOCKS/4);
..\Core\Src\sdmmc_test.c: 2 warnings, 0 errors
compiling sdmmc.c...
compiling stm32h7xx_it.c...
compiling usart.c...
compiling stm32h7xx_hal_msp.c...
compiling i2c.c...
compiling i2c_at24.c...
..\Core\Src\i2c_at24.c(32): warning:  #550-D: variable "i"  was set but never used
      static HAL_StatusTypeDef i;
..\Core\Src\i2c_at24.c(41): warning:  #550-D: variable "temp"  was set but never used
      uint8_t temp[2];
..\Core\Src\i2c_at24.c: 2 warnings, 0 errors
compiling dma.c...
compiling fmc.c...
compiling FMC_TIM_AD7606.c...
..\Core\Src\FMC_TIM_AD7606.c(18): warning:  #177-D: variable "i"  was declared but never referenced
  	int i=0;
..\Core\Src\FMC_TIM_AD7606.c: 1 warning, 0 errors
compiling stm32h7xx_hal_adc.c...
compiling tim.c...
compiling stm32h7xx_hal_adc_ex.c...
compiling stm32h7xx_hal_rcc.c...
compiling stm32h7xx_hal_rcc_ex.c...
compiling stm32h7xx_hal_hsem.c...
compiling stm32h7xx_hal_gpio.c...
compiling stm32h7xx_hal_flash_ex.c...
compiling stm32h7xx_hal_flash.c...
compiling stm32h7xx_hal_dma.c...
compiling stm32h7xx_hal_pwr.c...
compiling stm32h7xx_hal_mdma.c...
compiling stm32h7xx_hal_dma_ex.c...
compiling stm32h7xx_hal_pwr_ex.c...
compiling stm32h7xx_hal_i2c_ex.c...
compiling stm32h7xx_hal_exti.c...
compiling stm32h7xx_hal_cortex.c...
compiling stm32h7xx_hal.c...
compiling stm32h7xx_hal_i2c.c...
compiling stm32h7xx_ll_delayblock.c...
compiling stm32h7xx_hal_sd_ex.c...
compiling stm32h7xx_ll_sdmmc.c...
compiling stm32h7xx_hal_sd.c...
compiling stm32h7xx_hal_uart_ex.c...
compiling stm32h7xx_hal_tim.c...
compiling stm32h7xx_hal_tim_ex.c...
compiling stm32h7xx_ll_fmc.c...
compiling stm32h7xx_hal_uart.c...
compiling stm32h7xx_hal_sram.c...
compiling system_stm32h7xx.c...
compiling bsp_driver_sd.c...
compiling sd_diskio.c...
compiling fatfs.c...
compiling diskio.c...
compiling ff_gen_drv.c...
compiling cmd.c...
compiling syscall.c...
compiling cc936.c...
compiling board.c...
compiling msh.c...
compiling ff.c...
compiling clock.c...
compiling shell.c...
assembling context_rvds.S...
compiling components.c...
compiling cpuport.c...
compiling irq.c...
compiling idle.c...
compiling ipc.c...
compiling kservice.c...
compiling mem.c...
compiling object.c...
compiling scheduler.c...
compiling thread.c...
compiling timer.c...
linking...
Program Size: Code=65508 RO-data=178772 RW-data=168272 ZI-data=86952  
FromELF: creating hex file...
"HDAS_V1.0.0_Embedded\HDAS_V1.0.0_Embedded" - 0 Error(s), 18 Warning(s).

<h2>Software Packages used:</h2>

Package Vendor: ARM
                http://www.keil.com/pack/ARM.CMSIS.5.3.0.pack
                ARM.CMSIS.5.3.0
                CMSIS (Cortex Microcontroller Software Interface Standard)
   * Component: CORE Version: 5.1.1

Package Vendor: Keil
                http://www.keil.com/pack/Keil.STM32H7xx_DFP.2.7.0.pack
                Keil.STM32H7xx_DFP.2.7.0
                STMicroelectronics STM32H7 Series Device Support and Examples

<h2>Collection of Component include folders:</h2>
  .\RTE\_HDAS_V1.0.0_Embedded
  C:\Keil_v5\ARM\PACK\ARM\CMSIS\5.3.0\CMSIS\Include
  C:\Keil_v5\ARM\PACK\Keil\STM32H7xx_DFP\2.7.0\Drivers\CMSIS\Device\ST\STM32H7xx\Include

<h2>Collection of Component Files used:</h2>

   * Component: ARM::CMSIS:CORE:5.1.1
Build Time Elapsed:  00:00:14
</pre>
</body>
</html>
